Archive member included to satisfy reference by file (symbol)

e:/program files (x86)/normal-riscv-none-gcc-8.2.0-2.2-20190521-0004-win64/bin/../lib/gcc/riscv-none-embed/8.2.0/rv32imac/ilp32\libgcc.a(_divdi3.o)
                              ./build/Debug/systick.o (__divdi3)
e:/program files (x86)/normal-riscv-none-gcc-8.2.0-2.2-20190521-0004-win64/bin/../lib/gcc/riscv-none-embed/8.2.0/rv32imac/ilp32\libgcc.a(_udivdi3.o)
                              ./build/Debug/core_portme.o (__udivdi3)
e:/program files (x86)/normal-riscv-none-gcc-8.2.0-2.2-20190521-0004-win64/bin/../lib/gcc/riscv-none-embed/8.2.0/rv32imac/ilp32\libgcc.a(divdf3.o)
                              ./build/Debug/core_main.o (__divdf3)
e:/program files (x86)/normal-riscv-none-gcc-8.2.0-2.2-20190521-0004-win64/bin/../lib/gcc/riscv-none-embed/8.2.0/rv32imac/ilp32\libgcc.a(gedf2.o)
                              ./build/Debug/core_main.o (__gtdf2)
e:/program files (x86)/normal-riscv-none-gcc-8.2.0-2.2-20190521-0004-win64/bin/../lib/gcc/riscv-none-embed/8.2.0/rv32imac/ilp32\libgcc.a(ledf2.o)
                              ./build/Debug/core_main.o (__ltdf2)
e:/program files (x86)/normal-riscv-none-gcc-8.2.0-2.2-20190521-0004-win64/bin/../lib/gcc/riscv-none-embed/8.2.0/rv32imac/ilp32\libgcc.a(muldf3.o)
                              ./build/Debug/systick.o (__muldf3)
e:/program files (x86)/normal-riscv-none-gcc-8.2.0-2.2-20190521-0004-win64/bin/../lib/gcc/riscv-none-embed/8.2.0/rv32imac/ilp32\libgcc.a(fixunsdfsi.o)
                              ./build/Debug/core_main.o (__fixunsdfsi)
e:/program files (x86)/normal-riscv-none-gcc-8.2.0-2.2-20190521-0004-win64/bin/../lib/gcc/riscv-none-embed/8.2.0/rv32imac/ilp32\libgcc.a(floatunsidf.o)
                              ./build/Debug/core_main.o (__floatunsidf)
e:/program files (x86)/normal-riscv-none-gcc-8.2.0-2.2-20190521-0004-win64/bin/../lib/gcc/riscv-none-embed/8.2.0/rv32imac/ilp32\libgcc.a(floatundidf.o)
                              ./build/Debug/systick.o (__floatundidf)
e:/program files (x86)/normal-riscv-none-gcc-8.2.0-2.2-20190521-0004-win64/bin/../lib/gcc/riscv-none-embed/8.2.0/rv32imac/ilp32\libgcc.a(mulsf3.o)
                              ./build/Debug/lcd.o (__mulsf3)
e:/program files (x86)/normal-riscv-none-gcc-8.2.0-2.2-20190521-0004-win64/bin/../lib/gcc/riscv-none-embed/8.2.0/rv32imac/ilp32\libgcc.a(fixunssfsi.o)
                              ./build/Debug/lcd.o (__fixunssfsi)
e:/program files (x86)/normal-riscv-none-gcc-8.2.0-2.2-20190521-0004-win64/bin/../lib/gcc/riscv-none-embed/8.2.0/rv32imac/ilp32\libgcc.a(_clz.o)
                              e:/program files (x86)/normal-riscv-none-gcc-8.2.0-2.2-20190521-0004-win64/bin/../lib/gcc/riscv-none-embed/8.2.0/rv32imac/ilp32\libgcc.a(_divdi3.o) (__clz_tab)
e:/program files (x86)/normal-riscv-none-gcc-8.2.0-2.2-20190521-0004-win64/bin/../lib/gcc/riscv-none-embed/8.2.0/rv32imac/ilp32\libgcc.a(_clzsi2.o)
                              e:/program files (x86)/normal-riscv-none-gcc-8.2.0-2.2-20190521-0004-win64/bin/../lib/gcc/riscv-none-embed/8.2.0/rv32imac/ilp32\libgcc.a(divdf3.o) (__clzsi2)
e:/program files (x86)/normal-riscv-none-gcc-8.2.0-2.2-20190521-0004-win64/bin/../lib/gcc/riscv-none-embed/8.2.0/../../../../riscv-none-embed/lib/rv32imac/ilp32\libc_nano.a(lib_a-atexit.o)
                              ./build/Debug/start.o (atexit)
e:/program files (x86)/normal-riscv-none-gcc-8.2.0-2.2-20190521-0004-win64/bin/../lib/gcc/riscv-none-embed/8.2.0/../../../../riscv-none-embed/lib/rv32imac/ilp32\libc_nano.a(lib_a-exit.o)
                              ./build/Debug/start.o (exit)
e:/program files (x86)/normal-riscv-none-gcc-8.2.0-2.2-20190521-0004-win64/bin/../lib/gcc/riscv-none-embed/8.2.0/../../../../riscv-none-embed/lib/rv32imac/ilp32\libc_nano.a(lib_a-fini.o)
                              ./build/Debug/start.o (__libc_fini_array)
e:/program files (x86)/normal-riscv-none-gcc-8.2.0-2.2-20190521-0004-win64/bin/../lib/gcc/riscv-none-embed/8.2.0/../../../../riscv-none-embed/lib/rv32imac/ilp32\libc_nano.a(lib_a-impure.o)
                              e:/program files (x86)/normal-riscv-none-gcc-8.2.0-2.2-20190521-0004-win64/bin/../lib/gcc/riscv-none-embed/8.2.0/../../../../riscv-none-embed/lib/rv32imac/ilp32\libc_nano.a(lib_a-exit.o) (_global_impure_ptr)
e:/program files (x86)/normal-riscv-none-gcc-8.2.0-2.2-20190521-0004-win64/bin/../lib/gcc/riscv-none-embed/8.2.0/../../../../riscv-none-embed/lib/rv32imac/ilp32\libc_nano.a(lib_a-init.o)
                              ./build/Debug/start.o (__libc_init_array)
e:/program files (x86)/normal-riscv-none-gcc-8.2.0-2.2-20190521-0004-win64/bin/../lib/gcc/riscv-none-embed/8.2.0/../../../../riscv-none-embed/lib/rv32imac/ilp32\libc_nano.a(lib_a-memset.o)
                              ./build/Debug/core_matrix.o (memset)
[...]
Memory Configuration

Name             Origin             Length             Attributes
flash            0x0000000008000000 0x0000000000020000 axrl !w
ram              0x0000000020000000 0x0000000000008000 axw !rl
*default*        0x0000000000000000 0xffffffffffffffff

Linker script and memory map

LOAD ./build/Debug/gd32vf103_adc.o
LOAD ./build/Debug/gd32vf103_bkp.o
LOAD ./build/Debug/gd32vf103_can.o
LOAD ./build/Debug/gd32vf103_crc.o
LOAD ./build/Debug/gd32vf103_dac.o
LOAD ./build/Debug/gd32vf103_dbg.o
LOAD ./build/Debug/gd32vf103_dma.o
LOAD ./build/Debug/gd32vf103_eclic.o
LOAD ./build/Debug/gd32vf103_exmc.o
LOAD ./build/Debug/gd32vf103_exti.o
LOAD ./build/Debug/gd32vf103_fmc.o
LOAD ./build/Debug/gd32vf103_fwdgt.o
LOAD ./build/Debug/gd32vf103_gpio.o
LOAD ./build/Debug/gd32vf103_i2c.o
LOAD ./build/Debug/gd32vf103_pmu.o
LOAD ./build/Debug/gd32vf103_rcu.o
LOAD ./build/Debug/gd32vf103_rtc.o
LOAD ./build/Debug/gd32vf103_spi.o
LOAD ./build/Debug/gd32vf103_timer.o
LOAD ./build/Debug/gd32vf103_usart.o
LOAD ./build/Debug/gd32vf103_wwdgt.o
LOAD ./build/Debug/system_gd32vf103.o
LOAD ./build/Debug/n200_func.o
LOAD ./build/Debug/_exit.o
LOAD ./build/Debug/close.o
LOAD ./build/Debug/fstat.o
LOAD ./build/Debug/isatty.o
LOAD ./build/Debug/lseek.o
LOAD ./build/Debug/read.o
LOAD ./build/Debug/sbrk.o
LOAD ./build/Debug/write.o
LOAD ./build/Debug/write_hex.o
LOAD ./build/Debug/core_list_join.o
LOAD ./build/Debug/core_main.o
LOAD ./build/Debug/core_matrix.o
LOAD ./build/Debug/core_portme.o
LOAD ./build/Debug/core_state.o
LOAD ./build/Debug/core_util.o
LOAD ./build/Debug/lcd.o
LOAD ./build/Debug/main.o
LOAD ./build/Debug/handlers.o
LOAD ./build/Debug/init.o
LOAD ./build/Debug/usart.o
LOAD ./build/Debug/systick.o
LOAD ./build/Debug/myalloc.o
LOAD ./build/Debug/thread.o
LOAD ./build/Debug/entry.o
LOAD ./build/Debug/start.o
LOAD e:/program files (x86)/normal-riscv-none-gcc-8.2.0-2.2-20190521-0004-win64/bin/../lib/gcc/riscv-none-embed/8.2.0/rv32imac/ilp32\libgcc.a
LOAD e:/program files (x86)/normal-riscv-none-gcc-8.2.0-2.2-20190521-0004-win64/bin/../lib/gcc/riscv-none-embed/8.2.0/../../../../riscv-none-embed/lib/rv32imac/ilp32\libc_nano.a
LOAD e:/program files (x86)/normal-riscv-none-gcc-8.2.0-2.2-20190521-0004-win64/bin/../lib/gcc/riscv-none-embed/8.2.0/rv32imac/ilp32\libgcc.a
START GROUP
LOAD e:/program files (x86)/normal-riscv-none-gcc-8.2.0-2.2-20190521-0004-win64/bin/../lib/gcc/riscv-none-embed/8.2.0/rv32imac/ilp32\libgcc.a
LOAD e:/program files (x86)/normal-riscv-none-gcc-8.2.0-2.2-20190521-0004-win64/bin/../lib/gcc/riscv-none-embed/8.2.0/../../../../riscv-none-embed/lib/rv32imac/ilp32\libc_nano.a
LOAD e:/program files (x86)/normal-riscv-none-gcc-8.2.0-2.2-20190521-0004-win64/bin/../lib/gcc/riscv-none-embed/8.2.0/../../../../riscv-none-embed/lib/rv32imac/ilp32\libnosys.a
END GROUP
START GROUP
LOAD e:/program files (x86)/normal-riscv-none-gcc-8.2.0-2.2-20190521-0004-win64/bin/../lib/gcc/riscv-none-embed/8.2.0/rv32imac/ilp32\libgcc.a
LOAD e:/program files (x86)/normal-riscv-none-gcc-8.2.0-2.2-20190521-0004-win64/bin/../lib/gcc/riscv-none-embed/8.2.0/../../../../riscv-none-embed/lib/rv32imac/ilp32\libc_nano.a
LOAD e:/program files (x86)/normal-riscv-none-gcc-8.2.0-2.2-20190521-0004-win64/bin/../lib/gcc/riscv-none-embed/8.2.0/../../../../riscv-none-embed/lib/rv32imac/ilp32\libnosys.a
END GROUP
                0x0000000000000800                __stack_size = DEFINED (__stack_size)?__stack_size:0x800

.init           0x0000000008000000      0x24c
 *(SORT_NONE(.init))
 .init          0x0000000008000000      0x24c ./build/Debug/start.o
                0x000000000800015c                _start
                0x000000000800023e                disable_mcycle_minstret
                0x0000000008000244                enable_mcycle_minstret

.ilalign        0x000000000800024c        0x0
                0x000000000800024c                . = ALIGN (0x4)
                [!provide]                        PROVIDE (_ilm_lma = .)

.ialign         0x000000000800024c        0x0
                [!provide]                        PROVIDE (_ilm = .)

.text           0x0000000008000280     0xb2d8
 *(.rodata .rodata.*)
 .rodata.core_start.cst8
                0x0000000008000280       0x10 ./build/Debug/core_main.o
 .rodata.core_start.str1.4
                0x0000000008000290      0x3f6 ./build/Debug/core_main.o
 *fill*         0x0000000008000686        0x2 
 .rodata.portable_init.str1.4
                0x0000000008000688        0x5 ./build/Debug/core_portme.o
 *fill*         0x000000000800068d        0x3 
 .rodata.time_in_secs.cst8
                0x0000000008000690        0x8 ./build/Debug/core_portme.o
 .rodata.core_init_state
                0x0000000008000698       0x14 ./build/Debug/core_state.o
 .rodata.errpat
                0x00000000080006ac       0x10 ./build/Debug/core_state.o
 .rodata.floatpat
                0x00000000080006bc       0x10 ./build/Debug/core_state.o
 .rodata.intpat
                0x00000000080006cc       0x10 ./build/Debug/core_state.o
 .rodata.scipat
                0x00000000080006dc       0x10 ./build/Debug/core_state.o
 .rodata.str1.4
                0x00000000080006ec       0xad ./build/Debug/core_state.o
 *fill*         0x0000000008000799        0x3 
 .rodata.get_seed_32
                0x000000000800079c       0x18 ./build/Debug/core_util.o
 .rodata.asc2_1608
                0x00000000080007b4      0x5f0 ./build/Debug/lcd.o
                0x00000000080007b4                asc2_1608
 .rodata.main.str1.4
                0x0000000008000da4        0x6 ./build/Debug/main.o
 *fill*         0x0000000008000daa        0x2 
 .rodata.handle_nmi.str1.4
                0x0000000008000dac        0x5 ./build/Debug/handlers.o
 *fill*         0x0000000008000db1        0x3 
 .rodata.handle_trap.str1.4
                0x0000000008000db4        0x6 ./build/Debug/handlers.o
 *fill*         0x0000000008000dba        0x6 
 .rodata.delay_1ms.cst8
                0x0000000008000dc0        0x8 ./build/Debug/systick.o
 .rodata.__divdf3
                0x0000000008000dc8       0x40 e:/program files (x86)/normal-riscv-none-gcc-8.2.0-2.2-20190521-0004-win64/bin/../lib/gcc/riscv-none-embed/8.2.0/rv32imac/ilp32\libgcc.a(divdf3.o)
 .rodata.__muldf3
                0x0000000008000e08       0x40 e:/program files (x86)/normal-riscv-none-gcc-8.2.0-2.2-20190521-0004-win64/bin/../lib/gcc/riscv-none-embed/8.2.0/rv32imac/ilp32\libgcc.a(muldf3.o)
 .rodata.__clz_tab
                0x0000000008000e48      0x100 e:/program files (x86)/normal-riscv-none-gcc-8.2.0-2.2-20190521-0004-win64/bin/../lib/gcc/riscv-none-embed/8.2.0/rv32imac/ilp32\libgcc.a(_clz.o)
                0x0000000008000e48                __clz_tab
 .rodata._printf_float.cst8
                0x0000000008000f48        0x8 e:/program files (x86)/normal-riscv-none-gcc-8.2.0-2.2-20190521-0004-win64/bin/../lib/gcc/riscv-none-embed/8.2.0/../../../../riscv-none-embed/lib/rv32imac/ilp32\libc_nano.a(lib_a-nano-vfprintf_float.o)
 .rodata._printf_float.str1.4
                0x0000000008000f50       0x12 e:/program files (x86)/normal-riscv-none-gcc-8.2.0-2.2-20190521-0004-win64/bin/../lib/gcc/riscv-none-embed/8.2.0/../../../../riscv-none-embed/lib/rv32imac/ilp32\libc_nano.a(lib_a-nano-vfprintf_float.o)
 *fill*         0x0000000008000f62        0x2 
 .rodata._printf_i.str1.4
                0x0000000008000f64       0x25 e:/program files (x86)/normal-riscv-none-gcc-8.2.0-2.2-20190521-0004-win64/bin/../lib/gcc/riscv-none-embed/8.2.0/../../../../riscv-none-embed/lib/rv32imac/ilp32\libc_nano.a(lib_a-nano-vfprintf_i.o)
 *fill*         0x0000000008000f89        0x7 
 .rodata._dtoa_r.cst8
                0x0000000008000f90       0x38 e:/program files (x86)/normal-riscv-none-gcc-8.2.0-2.2-20190521-0004-win64/bin/../lib/gcc/riscv-none-embed/8.2.0/../../../../riscv-none-embed/lib/rv32imac/ilp32\libc_nano.a(lib_a-dtoa.o)
                                         0x48 (size before relaxing)
 .rodata._dtoa_r.str1.4
                0x0000000008000fc8       0x10 e:/program files (x86)/normal-riscv-none-gcc-8.2.0-2.2-20190521-0004-win64/bin/../lib/gcc/riscv-none-embed/8.2.0/../../../../riscv-none-embed/lib/rv32imac/ilp32\libc_nano.a(lib_a-dtoa.o)
                                         0x12 (size before relaxing)
 .rodata.__sf_fake_stderr
                0x0000000008000fd8       0x20 e:/program files (x86)/normal-riscv-none-gcc-8.2.0-2.2-20190521-0004-win64/bin/../lib/gcc/riscv-none-embed/8.2.0/../../../../riscv-none-embed/lib/rv32imac/ilp32\libc_nano.a(lib_a-findfp.o)
                0x0000000008000fd8                __sf_fake_stderr
 .rodata.__sf_fake_stdin
                0x0000000008000ff8       0x20 e:/program files (x86)/normal-riscv-none-gcc-8.2.0-2.2-20190521-0004-win64/bin/../lib/gcc/riscv-none-embed/8.2.0/../../../../riscv-none-embed/lib/rv32imac/ilp32\libc_nano.a(lib_a-findfp.o)
                0x0000000008000ff8                __sf_fake_stdin
 .rodata.__sf_fake_stdout
                0x0000000008001018       0x20 e:/program files (x86)/normal-riscv-none-gcc-8.2.0-2.2-20190521-0004-win64/bin/../lib/gcc/riscv-none-embed/8.2.0/../../../../riscv-none-embed/lib/rv32imac/ilp32\libc_nano.a(lib_a-findfp.o)
                0x0000000008001018                __sf_fake_stdout
 .rodata.__mprec_bigtens
                0x0000000008001038       0x28 e:/program files (x86)/normal-riscv-none-gcc-8.2.0-2.2-20190521-0004-win64/bin/../lib/gcc/riscv-none-embed/8.2.0/../../../../riscv-none-embed/lib/rv32imac/ilp32\libc_nano.a(lib_a-mprec.o)
                0x0000000008001038                __mprec_bigtens
 .rodata.__mprec_tens
                0x0000000008001060       0xc8 e:/program files (x86)/normal-riscv-none-gcc-8.2.0-2.2-20190521-0004-win64/bin/../lib/gcc/riscv-none-embed/8.2.0/../../../../riscv-none-embed/lib/rv32imac/ilp32\libc_nano.a(lib_a-mprec.o)
                0x0000000008001060                __mprec_tens
 .rodata.p05.3319
                0x0000000008001128        0xc e:/program files (x86)/normal-riscv-none-gcc-8.2.0-2.2-20190521-0004-win64/bin/../lib/gcc/riscv-none-embed/8.2.0/../../../../riscv-none-embed/lib/rv32imac/ilp32\libc_nano.a(lib_a-mprec.o)
 .rodata._vfprintf_r.str1.4
                0x0000000008001134       0x13 e:/program files (x86)/normal-riscv-none-gcc-8.2.0-2.2-20190521-0004-win64/bin/../lib/gcc/riscv-none-embed/8.2.0/../../../../riscv-none-embed/lib/rv32imac/ilp32\libc_nano.a(lib_a-nano-vfprintf.o)
 *fill*         0x0000000008001147        0x1 
 .rodata._setlocale_r.str1.4
                0x0000000008001148        0xa e:/program files (x86)/normal-riscv-none-gcc-8.2.0-2.2-20190521-0004-win64/bin/../lib/gcc/riscv-none-embed/8.2.0/../../../../riscv-none-embed/lib/rv32imac/ilp32\libc_nano.a(lib_a-locale.o)
                                          0xd (size before relaxing)
 .rodata.str1.4
                0x0000000008001152        0xc e:/program files (x86)/normal-riscv-none-gcc-8.2.0-2.2-20190521-0004-win64/bin/../lib/gcc/riscv-none-embed/8.2.0/../../../../riscv-none-embed/lib/rv32imac/ilp32\libc_nano.a(lib_a-locale.o)
                                          0x2 (size before relaxing)
 *fill*         0x0000000008001152        0x2 
 .rodata._ctype_
                0x0000000008001154      0x101 e:/program files (x86)/normal-riscv-none-gcc-8.2.0-2.2-20190521-0004-win64/bin/../lib/gcc/riscv-none-embed/8.2.0/../../../../riscv-none-embed/lib/rv32imac/ilp32\libc_nano.a(lib_a-ctype_.o)
                0x0000000008001154                _ctype_
 *(.text.unlikely .text.unlikely.*)
 *(.text.startup .text.startup.*)
 *fill*         0x0000000008001255        0x1 
 .text.startup.main
                0x0000000008001256       0x7a ./build/Debug/main.o
                0x0000000008001256                main
 *(.text .text.*)
 .text.eclic_global_interrupt_enable
                0x00000000080012d0        0x6 ./build/Debug/gd32vf103_eclic.o
                0x00000000080012d0                eclic_global_interrupt_enable
 .text.eclic_priority_group_set
                0x00000000080012d6        0xc ./build/Debug/gd32vf103_eclic.o
                0x00000000080012d6                eclic_priority_group_set
 .text.eclic_irq_enable
                0x00000000080012e2       0x3a ./build/Debug/gd32vf103_eclic.o
                0x00000000080012e2                eclic_irq_enable
 .text.gpio_init
                0x000000000800131c      0x47e ./build/Debug/gd32vf103_gpio.o
                0x000000000800131c                gpio_init
 .text.gpio_bit_set
                0x000000000800179a        0x4 ./build/Debug/gd32vf103_gpio.o
                0x000000000800179a                gpio_bit_set
 .text.gpio_bit_reset
                0x000000000800179e        0x4 ./build/Debug/gd32vf103_gpio.o
                0x000000000800179e                gpio_bit_reset
 .text.rcu_periph_clock_enable
                0x00000000080017a2       0x18 ./build/Debug/gd32vf103_rcu.o
                0x00000000080017a2                rcu_periph_clock_enable
 .text.rcu_periph_reset_enable
                0x00000000080017ba       0x18 ./build/Debug/gd32vf103_rcu.o
                0x00000000080017ba                rcu_periph_reset_enable
 .text.rcu_periph_reset_disable
                0x00000000080017d2       0x1c ./build/Debug/gd32vf103_rcu.o
                0x00000000080017d2                rcu_periph_reset_disable
 .text.rcu_clock_freq_get
                0x00000000080017ee      0x13c ./build/Debug/gd32vf103_rcu.o
                0x00000000080017ee                rcu_clock_freq_get
 .text.spi_struct_para_init
                0x000000000800192a       0x1a ./build/Debug/gd32vf103_spi.o
                0x000000000800192a                spi_struct_para_init
 .text.spi_init
                0x0000000008001944       0x3e ./build/Debug/gd32vf103_spi.o
                0x0000000008001944                spi_init
 .text.spi_enable
                0x0000000008001982        0xa ./build/Debug/gd32vf103_spi.o
                0x0000000008001982                spi_enable
 .text.spi_i2s_data_transmit
                0x000000000800198c        0x4 ./build/Debug/gd32vf103_spi.o
                0x000000000800198c                spi_i2s_data_transmit
 .text.spi_i2s_data_receive
                0x0000000008001990        0x8 ./build/Debug/gd32vf103_spi.o
                0x0000000008001990                spi_i2s_data_receive
 .text.spi_crc_polynomial_set
                0x0000000008001998        0xc ./build/Debug/gd32vf103_spi.o
                0x0000000008001998                spi_crc_polynomial_set
 .text.spi_i2s_flag_get
                0x00000000080019a4        0xa ./build/Debug/gd32vf103_spi.o
                0x00000000080019a4                spi_i2s_flag_get
 .text.timer_deinit
                0x00000000080019ae      0x10e ./build/Debug/gd32vf103_timer.o
                0x00000000080019ae                timer_deinit
 .text.timer_struct_para_init
                0x0000000008001abc       0x18 ./build/Debug/gd32vf103_timer.o
                0x0000000008001abc                timer_struct_para_init
 .text.timer_init
                0x0000000008001ad4       0xc0 ./build/Debug/gd32vf103_timer.o
                0x0000000008001ad4                timer_init
 .text.timer_interrupt_enable
                0x0000000008001b94        0x8 ./build/Debug/gd32vf103_timer.o
                0x0000000008001b94                timer_interrupt_enable
 .text.timer_interrupt_flag_clear
                0x0000000008001b9c        0x8 ./build/Debug/gd32vf103_timer.o
                0x0000000008001b9c                timer_interrupt_flag_clear
 .text.usart_deinit
                0x0000000008001ba4       0xca ./build/Debug/gd32vf103_usart.o
                0x0000000008001ba4                usart_deinit
 .text.usart_baudrate_set
                0x0000000008001c6e       0x74 ./build/Debug/gd32vf103_usart.o
                0x0000000008001c6e                usart_baudrate_set
 .text.usart_parity_config
                0x0000000008001ce2       0x10 ./build/Debug/gd32vf103_usart.o
                0x0000000008001ce2                usart_parity_config
 .text.usart_word_length_set
                0x0000000008001cf2       0x12 ./build/Debug/gd32vf103_usart.o
                0x0000000008001cf2                usart_word_length_set
 .text.usart_stop_bit_set
                0x0000000008001d04       0x12 ./build/Debug/gd32vf103_usart.o
                0x0000000008001d04                usart_stop_bit_set
 .text.usart_enable
                0x0000000008001d16        0xa ./build/Debug/gd32vf103_usart.o
                0x0000000008001d16                usart_enable
 .text.usart_transmit_config
                0x0000000008001d20        0xa ./build/Debug/gd32vf103_usart.o
                0x0000000008001d20                usart_transmit_config
 .text.usart_receive_config
                0x0000000008001d2a        0xa ./build/Debug/gd32vf103_usart.o
                0x0000000008001d2a                usart_receive_config
 .text.usart_data_transmit
                0x0000000008001d34        0x8 ./build/Debug/gd32vf103_usart.o
                0x0000000008001d34                usart_data_transmit
 .text.usart_hardware_flow_rts_config
                0x0000000008001d3c        0xc ./build/Debug/gd32vf103_usart.o
                0x0000000008001d3c                usart_hardware_flow_rts_config
 .text.usart_hardware_flow_cts_config
                0x0000000008001d48        0xc ./build/Debug/gd32vf103_usart.o
                0x0000000008001d48                usart_hardware_flow_cts_config
 .text.usart_flag_get
                0x0000000008001d54       0x14 ./build/Debug/gd32vf103_usart.o
                0x0000000008001d54                usart_flag_get
 .text.usart_interrupt_enable
                0x0000000008001d68       0x18 ./build/Debug/gd32vf103_usart.o
                0x0000000008001d68                usart_interrupt_enable
 .text.usart_interrupt_flag_get
                0x0000000008001d80       0x32 ./build/Debug/gd32vf103_usart.o
                0x0000000008001d80                usart_interrupt_flag_get
 .text.usart_interrupt_flag_clear
                0x0000000008001db2       0x1a ./build/Debug/gd32vf103_usart.o
                0x0000000008001db2                usart_interrupt_flag_clear
 .text.SystemInit
                0x0000000008001dcc      0x11e ./build/Debug/system_gd32vf103.o
                0x0000000008001dcc                SystemInit
 .text.mtime_lo
                0x0000000008001eea        0x8 ./build/Debug/n200_func.o
                0x0000000008001eea                mtime_lo
 .text.get_timer_value
                0x0000000008001ef2        0xa ./build/Debug/n200_func.o
                0x0000000008001ef2                get_timer_value
 .text.eclic_init
                0x0000000008001efc       0x24 ./build/Debug/n200_func.o
                0x0000000008001efc                eclic_init
 .text.eclic_enable_interrupt
                0x0000000008001f20       0x12 ./build/Debug/n200_func.o
                0x0000000008001f20                eclic_enable_interrupt
 .text.eclic_set_nlbits
                0x0000000008001f32       0x18 ./build/Debug/n200_func.o
                0x0000000008001f32                eclic_set_nlbits
 .text.eclic_set_irq_lvl_abs
                0x0000000008001f4a       0x48 ./build/Debug/n200_func.o
                0x0000000008001f4a                eclic_set_irq_lvl_abs
 .text.eclic_set_irq_priority
                0x0000000008001f92       0x4a ./build/Debug/n200_func.o
                0x0000000008001f92                eclic_set_irq_priority
 .text.eclic_mode_enable
                0x0000000008001fdc       0x12 ./build/Debug/n200_func.o
                0x0000000008001fdc                eclic_mode_enable
 .text._close   0x0000000008001fee        0x4 ./build/Debug/close.o
                0x0000000008001fee                _close
 .text._fstat   0x0000000008001ff2       0x24 ./build/Debug/fstat.o
                0x0000000008001ff2                _fstat
 .text._isatty  0x0000000008002016        0x8 ./build/Debug/isatty.o
                0x0000000008002016                _isatty
 .text._lseek   0x000000000800201e       0x1a ./build/Debug/lseek.o
                0x000000000800201e                _lseek
 .text._read    0x0000000008002038        0x4 ./build/Debug/read.o
                0x0000000008002038                _read
 .text._sbrk    0x000000000800203c       0x30 ./build/Debug/sbrk.o
                0x000000000800203c                _sbrk
 .text._write   0x000000000800206c       0x52 ./build/Debug/write.o
                0x000000000800206c                _write
 .text.puts     0x00000000080020be       0x5a ./build/Debug/write.o
                0x00000000080020be                puts
 .text.core_bench_list
                0x0000000008002118      0x4b8 ./build/Debug/core_list_join.o
                0x0000000008002118                core_bench_list
 .text.core_list_init
                0x00000000080025d0      0x1d2 ./build/Debug/core_list_join.o
                0x00000000080025d0                core_list_init
 .text.core_start
                0x00000000080027a2      0x982 ./build/Debug/core_main.o
                0x00000000080027a2                core_start
 .text.matrix_test
                0x0000000008003124      0x394 ./build/Debug/core_matrix.o
                0x0000000008003124                matrix_test
 .text.core_bench_matrix
                0x00000000080034b8       0x2a ./build/Debug/core_matrix.o
                0x00000000080034b8                core_bench_matrix
 .text.core_init_matrix
                0x00000000080034e2       0xc4 ./build/Debug/core_matrix.o
                0x00000000080034e2                core_init_matrix
 .text.start_time
                0x00000000080035a6       0x2a ./build/Debug/core_portme.o
                0x00000000080035a6                start_time
 .text.stop_time
                0x00000000080035d0       0x2a ./build/Debug/core_portme.o
                0x00000000080035d0                stop_time
 .text.get_time
                0x00000000080035fa       0x14 ./build/Debug/core_portme.o
                0x00000000080035fa                get_time
 .text.time_in_secs
                0x000000000800360e       0x26 ./build/Debug/core_portme.o
                0x000000000800360e                time_in_secs
 .text.portable_init
                0x0000000008003634       0x74 ./build/Debug/core_portme.o
                0x0000000008003634                portable_init
 .text.portable_fini
                0x00000000080036a8        0x6 ./build/Debug/core_portme.o
                0x00000000080036a8                portable_fini
 .text.core_init_state
                0x00000000080036ae      0x14a ./build/Debug/core_state.o
                0x00000000080036ae                core_init_state
 .text.core_state_transition
                0x00000000080037f8      0x24e ./build/Debug/core_state.o
                0x00000000080037f8                core_state_transition
 .text.core_bench_state
                0x0000000008003a46      0x168 ./build/Debug/core_state.o
                0x0000000008003a46                core_bench_state
 .text.get_seed_32
                0x0000000008003bae       0x4c ./build/Debug/core_util.o
                0x0000000008003bae                get_seed_32
 .text.crcu16   0x0000000008003bfa      0x16e ./build/Debug/core_util.o
                0x0000000008003bfa                crcu16
 .text.crcu32   0x0000000008003d68      0x2e8 ./build/Debug/core_util.o
                0x0000000008003d68                crcu32
 .text.crc16    0x0000000008004050      0x172 ./build/Debug/core_util.o
                0x0000000008004050                crc16
 .text.check_data_types
                0x00000000080041c2        0x4 ./build/Debug/core_util.o
                0x00000000080041c2                check_data_types
 .text.LCD_Writ_Bus
                0x00000000080041c6       0xd0 ./build/Debug/lcd.o
                0x00000000080041c6                LCD_Writ_Bus
 .text.LCD_Address_Set
                0x0000000008004296      0x126 ./build/Debug/lcd.o
                0x0000000008004296                LCD_Address_Set
 .text.LCD_ShowChar.part.1.constprop.2
                0x00000000080043bc       0xe4 ./build/Debug/lcd.o
 .text.Lcd_Init
                0x00000000080044a0      0x86e ./build/Debug/lcd.o
                0x00000000080044a0                Lcd_Init
 .text.LCD_Clear
                0x0000000008004d0e       0x7a ./build/Debug/lcd.o
                0x0000000008004d0e                LCD_Clear
 .text.LCD_ShowNum
                0x0000000008004d88       0xdc ./build/Debug/lcd.o
                0x0000000008004d88                LCD_ShowNum
 .text.thread1  0x0000000008004e64       0x12 ./build/Debug/main.o
                0x0000000008004e64                thread1
 .text.thread3  0x0000000008004e76       0x30 ./build/Debug/main.o
                0x0000000008004e76                thread3
 .text.thread4  0x0000000008004ea6        0xe ./build/Debug/main.o
                0x0000000008004ea6                thread4
 .text.handle_nmi
                0x0000000008004eb4       0x22 ./build/Debug/handlers.o
                0x0000000008004eb4                handle_nmi
 .text.handle_trap
                0x0000000008004ed6       0x38 ./build/Debug/handlers.o
                0x0000000008004ed6                handle_trap
 .text._init    0x0000000008004f0e       0x2c ./build/Debug/init.o
                0x0000000008004f0e                _init
 .text._fini    0x0000000008004f3a        0x2 ./build/Debug/init.o
                0x0000000008004f3a                _fini
 .text.USARTInit
                0x0000000008004f3c       0xc6 ./build/Debug/init.o
                0x0000000008004f3c                USARTInit
 .text.Init     0x0000000008005002      0x146 ./build/Debug/init.o
                0x0000000008005002                Init
 .text._put_char
                0x0000000008005148       0xa2 ./build/Debug/init.o
                0x0000000008005148                _put_char
 .text.USART0_IRQHandler
                0x00000000080051ea       0x78 ./build/Debug/usart.o
                0x00000000080051ea                USART0_IRQHandler
 .text.delay_1ms
                0x0000000008005262       0xce ./build/Debug/systick.o
                0x0000000008005262                delay_1ms
 .text.delayms  0x0000000008005330       0x8e ./build/Debug/systick.o
                0x0000000008005330                delayms
 .text.myalloc_init
                0x00000000080053be       0x1e ./build/Debug/myalloc.o
                0x00000000080053be                myalloc_init
 .text.myalloc  0x00000000080053dc       0xc2 ./build/Debug/myalloc.o
                0x00000000080053dc                myalloc
 .text.thread_init
                0x000000000800549e       0x8c ./build/Debug/thread.o
                0x000000000800549e                thread_init
 .text.thread_create
                0x000000000800552a      0x146 ./build/Debug/thread.o
                0x000000000800552a                thread_create
 .text.thread_sleep_tick
                0x0000000008005670       0x22 ./build/Debug/thread.o
                0x0000000008005670                thread_sleep_tick
 .text.thread_start
                0x0000000008005692       0x22 ./build/Debug/thread.o
                0x0000000008005692                thread_start
 .text.switch_thread
                0x00000000080056b4      0x400 ./build/Debug/thread.o
                0x00000000080056b4                switch_thread
 *fill*         0x0000000008005ab4        0xc 
 .text.trap     0x0000000008005ac0       0x82 ./build/Debug/entry.o
                0x0000000008005ac0                trap_entry
 *fill*         0x0000000008005b42        0x2 
 .text.irq      0x0000000008005b44       0xd6 ./build/Debug/entry.o
                0x0000000008005b44                irq_entry
                0x0000000008005bb6                TIMER6_IRQHandler
 .text.__udivdi3
                0x0000000008005c1a      0x398 e:/program files (x86)/normal-riscv-none-gcc-8.2.0-2.2-20190521-0004-win64/bin/../lib/gcc/riscv-none-embed/8.2.0/rv32imac/ilp32\libgcc.a(_udivdi3.o)
                0x0000000008005c1a                __udivdi3
 .text.__divdf3
                0x0000000008005fb2      0x5c4 e:/program files (x86)/normal-riscv-none-gcc-8.2.0-2.2-20190521-0004-win64/bin/../lib/gcc/riscv-none-embed/8.2.0/rv32imac/ilp32\libgcc.a(divdf3.o)
                0x0000000008005fb2                __divdf3
 .text.__gedf2  0x0000000008006576       0xae e:/program files (x86)/normal-riscv-none-gcc-8.2.0-2.2-20190521-0004-win64/bin/../lib/gcc/riscv-none-embed/8.2.0/rv32imac/ilp32\libgcc.a(gedf2.o)
                0x0000000008006576                __gedf2
                0x0000000008006576                __gtdf2
 .text.__ledf2  0x0000000008006624       0xb6 e:/program files (x86)/normal-riscv-none-gcc-8.2.0-2.2-20190521-0004-win64/bin/../lib/gcc/riscv-none-embed/8.2.0/rv32imac/ilp32\libgcc.a(ledf2.o)
                0x0000000008006624                __ledf2
                0x0000000008006624                __ltdf2
 .text.__muldf3
                0x00000000080066da      0x4c8 e:/program files (x86)/normal-riscv-none-gcc-8.2.0-2.2-20190521-0004-win64/bin/../lib/gcc/riscv-none-embed/8.2.0/rv32imac/ilp32\libgcc.a(muldf3.o)
                0x00000000080066da                __muldf3
 .text.__fixunsdfsi
                0x0000000008006ba2       0x5c e:/program files (x86)/normal-riscv-none-gcc-8.2.0-2.2-20190521-0004-win64/bin/../lib/gcc/riscv-none-embed/8.2.0/rv32imac/ilp32\libgcc.a(fixunsdfsi.o)
                0x0000000008006ba2                __fixunsdfsi
 .text.__floatunsidf
                0x0000000008006bfe       0x6c e:/program files (x86)/normal-riscv-none-gcc-8.2.0-2.2-20190521-0004-win64/bin/../lib/gcc/riscv-none-embed/8.2.0/rv32imac/ilp32\libgcc.a(floatunsidf.o)
                0x0000000008006bfe                __floatunsidf
 .text.__floatundidf
                0x0000000008006c6a      0x194 e:/program files (x86)/normal-riscv-none-gcc-8.2.0-2.2-20190521-0004-win64/bin/../lib/gcc/riscv-none-embed/8.2.0/rv32imac/ilp32\libgcc.a(floatundidf.o)
                0x0000000008006c6a                __floatundidf
 .text.__clzsi2
                0x0000000008006dfe       0x76 e:/program files (x86)/normal-riscv-none-gcc-8.2.0-2.2-20190521-0004-win64/bin/../lib/gcc/riscv-none-embed/8.2.0/rv32imac/ilp32\libgcc.a(_clzsi2.o)
                0x0000000008006dfe                __clzsi2
 .text.atexit   0x0000000008006e74       0x10 e:/program files (x86)/normal-riscv-none-gcc-8.2.0-2.2-20190521-0004-win64/bin/../lib/gcc/riscv-none-embed/8.2.0/../../../../riscv-none-embed/lib/rv32imac/ilp32\libc_nano.a(lib_a-atexit.o)
                0x0000000008006e74                atexit
 .text.exit     0x0000000008006e84       0x36 e:/program files (x86)/normal-riscv-none-gcc-8.2.0-2.2-20190521-0004-win64/bin/../lib/gcc/riscv-none-embed/8.2.0/../../../../riscv-none-embed/lib/rv32imac/ilp32\libc_nano.a(lib_a-exit.o)
                0x0000000008006e84                exit
 .text.__libc_fini_array
                0x0000000008006eba       0x3e e:/program files (x86)/normal-riscv-none-gcc-8.2.0-2.2-20190521-0004-win64/bin/../lib/gcc/riscv-none-embed/8.2.0/../../../../riscv-none-embed/lib/rv32imac/ilp32\libc_nano.a(lib_a-fini.o)
                0x0000000008006eba                __libc_fini_array
 .text.__libc_init_array
                0x0000000008006ef8       0x72 e:/program files (x86)/normal-riscv-none-gcc-8.2.0-2.2-20190521-0004-win64/bin/../lib/gcc/riscv-none-embed/8.2.0/../../../../riscv-none-embed/lib/rv32imac/ilp32\libc_nano.a(lib_a-init.o)
                0x0000000008006ef8                __libc_init_array
 .text          0x0000000008006f6a       0xa8 e:/program files (x86)/normal-riscv-none-gcc-8.2.0-2.2-20190521-0004-win64/bin/../lib/gcc/riscv-none-embed/8.2.0/../../../../riscv-none-embed/lib/rv32imac/ilp32\libc_nano.a(lib_a-memset.o)
                0x0000000008006f6a                memset
 .text.__cvt    0x0000000008007012       0xfa e:/program files (x86)/normal-riscv-none-gcc-8.2.0-2.2-20190521-0004-win64/bin/../lib/gcc/riscv-none-embed/8.2.0/../../../../riscv-none-embed/lib/rv32imac/ilp32\libc_nano.a(lib_a-nano-vfprintf_float.o)
                0x0000000008007012                __cvt
 .text.__exponent
                0x000000000800710c       0x8c e:/program files (x86)/normal-riscv-none-gcc-8.2.0-2.2-20190521-0004-win64/bin/../lib/gcc/riscv-none-embed/8.2.0/../../../../riscv-none-embed/lib/rv32imac/ilp32\libc_nano.a(lib_a-nano-vfprintf_float.o)
                0x000000000800710c                __exponent
 .text._printf_float
                0x0000000008007198      0x4f6 e:/program files (x86)/normal-riscv-none-gcc-8.2.0-2.2-20190521-0004-win64/bin/../lib/gcc/riscv-none-embed/8.2.0/../../../../riscv-none-embed/lib/rv32imac/ilp32\libc_nano.a(lib_a-nano-vfprintf_float.o)
                0x0000000008007198                _printf_float
 .text._printf_common
                0x000000000800768e      0x10c e:/program files (x86)/normal-riscv-none-gcc-8.2.0-2.2-20190521-0004-win64/bin/../lib/gcc/riscv-none-embed/8.2.0/../../../../riscv-none-embed/lib/rv32imac/ilp32\libc_nano.a(lib_a-nano-vfprintf_i.o)
                0x000000000800768e                _printf_common
 .text._printf_i
                0x000000000800779a      0x2ae e:/program files (x86)/normal-riscv-none-gcc-8.2.0-2.2-20190521-0004-win64/bin/../lib/gcc/riscv-none-embed/8.2.0/../../../../riscv-none-embed/lib/rv32imac/ilp32\libc_nano.a(lib_a-nano-vfprintf_i.o)
                0x000000000800779a                _printf_i
 .text.printf   0x0000000008007a48       0x4e e:/program files (x86)/normal-riscv-none-gcc-8.2.0-2.2-20190521-0004-win64/bin/../lib/gcc/riscv-none-embed/8.2.0/../../../../riscv-none-embed/lib/rv32imac/ilp32\libc_nano.a(lib_a-printf.o)
                0x0000000008007a48                iprintf
                0x0000000008007a48                printf
 .text.putchar  0x0000000008007a96       0x38 e:/program files (x86)/normal-riscv-none-gcc-8.2.0-2.2-20190521-0004-win64/bin/../lib/gcc/riscv-none-embed/8.2.0/../../../../riscv-none-embed/lib/rv32imac/ilp32\libc_nano.a(lib_a-putchar.o)
                0x0000000008007a96                putchar
 .text.strlen   0x0000000008007ace       0x12 e:/program files (x86)/normal-riscv-none-gcc-8.2.0-2.2-20190521-0004-win64/bin/../lib/gcc/riscv-none-embed/8.2.0/../../../../riscv-none-embed/lib/rv32imac/ilp32\libc_nano.a(lib_a-strlen.o)
                0x0000000008007ace                strlen
 .text.isatty   0x0000000008007ae0        0x8 e:/program files (x86)/normal-riscv-none-gcc-8.2.0-2.2-20190521-0004-win64/bin/../lib/gcc/riscv-none-embed/8.2.0/../../../../riscv-none-embed/lib/rv32imac/ilp32\libc_nano.a(lib_a-sysisatty.o)
                0x0000000008007ae0                isatty
 .text.write    0x0000000008007ae8       0x18 e:/program files (x86)/normal-riscv-none-gcc-8.2.0-2.2-20190521-0004-win64/bin/../lib/gcc/riscv-none-embed/8.2.0/../../../../riscv-none-embed/lib/rv32imac/ilp32\libc_nano.a(lib_a-syswrite.o)
                0x0000000008007ae8                write
 .text._write_r
                0x0000000008007b00       0x3a e:/program files (x86)/normal-riscv-none-gcc-8.2.0-2.2-20190521-0004-win64/bin/../lib/gcc/riscv-none-embed/8.2.0/../../../../riscv-none-embed/lib/rv32imac/ilp32\libc_nano.a(lib_a-writer.o)
                0x0000000008007b00                _write_r
 .text.__register_exitproc
                0x0000000008007b3a       0x8c e:/program files (x86)/normal-riscv-none-gcc-8.2.0-2.2-20190521-0004-win64/bin/../lib/gcc/riscv-none-embed/8.2.0/../../../../riscv-none-embed/lib/rv32imac/ilp32\libc_nano.a(lib_a-__atexit.o)
                0x0000000008007b3a                __register_exitproc
 .text.__call_exitprocs
                0x0000000008007bc6       0xc8 e:/program files (x86)/normal-riscv-none-gcc-8.2.0-2.2-20190521-0004-win64/bin/../lib/gcc/riscv-none-embed/8.2.0/../../../../riscv-none-embed/lib/rv32imac/ilp32\libc_nano.a(lib_a-__call_atexit.o)
                0x0000000008007bc6                __call_exitprocs
 .text.quorem   0x0000000008007c8e      0x13e e:/program files (x86)/normal-riscv-none-gcc-8.2.0-2.2-20190521-0004-win64/bin/../lib/gcc/riscv-none-embed/8.2.0/../../../../riscv-none-embed/lib/rv32imac/ilp32\libc_nano.a(lib_a-dtoa.o)
 .text._dtoa_r  0x0000000008007dcc      0xdac e:/program files (x86)/normal-riscv-none-gcc-8.2.0-2.2-20190521-0004-win64/bin/../lib/gcc/riscv-none-embed/8.2.0/../../../../riscv-none-embed/lib/rv32imac/ilp32\libc_nano.a(lib_a-dtoa.o)
                0x0000000008007dcc                _dtoa_r
 .text.std      0x0000000008008b78       0x6e e:/program files (x86)/normal-riscv-none-gcc-8.2.0-2.2-20190521-0004-win64/bin/../lib/gcc/riscv-none-embed/8.2.0/../../../../riscv-none-embed/lib/rv32imac/ilp32\libc_nano.a(lib_a-findfp.o)
 .text._cleanup_r
                0x0000000008008be6       0x10 e:/program files (x86)/normal-riscv-none-gcc-8.2.0-2.2-20190521-0004-win64/bin/../lib/gcc/riscv-none-embed/8.2.0/../../../../riscv-none-embed/lib/rv32imac/ilp32\libc_nano.a(lib_a-findfp.o)
                0x0000000008008be6                _cleanup_r
 .text.__sfmoreglue
                0x0000000008008bf6       0x50 e:/program files (x86)/normal-riscv-none-gcc-8.2.0-2.2-20190521-0004-win64/bin/../lib/gcc/riscv-none-embed/8.2.0/../../../../riscv-none-embed/lib/rv32imac/ilp32\libc_nano.a(lib_a-findfp.o)
                0x0000000008008bf6                __sfmoreglue
 .text.__sinit  0x0000000008008c46       0x8e e:/program files (x86)/normal-riscv-none-gcc-8.2.0-2.2-20190521-0004-win64/bin/../lib/gcc/riscv-none-embed/8.2.0/../../../../riscv-none-embed/lib/rv32imac/ilp32\libc_nano.a(lib_a-findfp.o)
                0x0000000008008c46                __sinit
 .text.__sfp    0x0000000008008cd4       0xb0 e:/program files (x86)/normal-riscv-none-gcc-8.2.0-2.2-20190521-0004-win64/bin/../lib/gcc/riscv-none-embed/8.2.0/../../../../riscv-none-embed/lib/rv32imac/ilp32\libc_nano.a(lib_a-findfp.o)
                0x0000000008008cd4                __sfp
 .text._fwalk_reent
                0x0000000008008d84       0x6c e:/program files (x86)/normal-riscv-none-gcc-8.2.0-2.2-20190521-0004-win64/bin/../lib/gcc/riscv-none-embed/8.2.0/../../../../riscv-none-embed/lib/rv32imac/ilp32\libc_nano.a(lib_a-fwalk.o)
                0x0000000008008d84                _fwalk_reent
 .text._localeconv_r
                0x0000000008008df0       0x1c e:/program files (x86)/normal-riscv-none-gcc-8.2.0-2.2-20190521-0004-win64/bin/../lib/gcc/riscv-none-embed/8.2.0/../../../../riscv-none-embed/lib/rv32imac/ilp32\libc_nano.a(lib_a-localeconv.o)
                0x0000000008008df0                _localeconv_r
 .text.malloc   0x0000000008008e0c       0x14 e:/program files (x86)/normal-riscv-none-gcc-8.2.0-2.2-20190521-0004-win64/bin/../lib/gcc/riscv-none-embed/8.2.0/../../../../riscv-none-embed/lib/rv32imac/ilp32\libc_nano.a(lib_a-malloc.o)
                0x0000000008008e0c                malloc
 .text.memchr   0x0000000008008e20       0x1a e:/program files (x86)/normal-riscv-none-gcc-8.2.0-2.2-20190521-0004-win64/bin/../lib/gcc/riscv-none-embed/8.2.0/../../../../riscv-none-embed/lib/rv32imac/ilp32\libc_nano.a(lib_a-memchr.o)
                0x0000000008008e20                memchr
 .text.memcpy   0x0000000008008e3a       0xb6 e:/program files (x86)/normal-riscv-none-gcc-8.2.0-2.2-20190521-0004-win64/bin/../lib/gcc/riscv-none-embed/8.2.0/../../../../riscv-none-embed/lib/rv32imac/ilp32\libc_nano.a(lib_a-memcpy.o)
                0x0000000008008e3a                memcpy
 .text._Balloc  0x0000000008008ef0       0x98 e:/program files (x86)/normal-riscv-none-gcc-8.2.0-2.2-20190521-0004-win64/bin/../lib/gcc/riscv-none-embed/8.2.0/../../../../riscv-none-embed/lib/rv32imac/ilp32\libc_nano.a(lib_a-mprec.o)
                0x0000000008008ef0                _Balloc
 .text._Bfree   0x0000000008008f88       0x48 e:/program files (x86)/normal-riscv-none-gcc-8.2.0-2.2-20190521-0004-win64/bin/../lib/gcc/riscv-none-embed/8.2.0/../../../../riscv-none-embed/lib/rv32imac/ilp32\libc_nano.a(lib_a-mprec.o)
                0x0000000008008f88                _Bfree
 .text.__multadd
                0x0000000008008fd0       0xa4 e:/program files (x86)/normal-riscv-none-gcc-8.2.0-2.2-20190521-0004-win64/bin/../lib/gcc/riscv-none-embed/8.2.0/../../../../riscv-none-embed/lib/rv32imac/ilp32\libc_nano.a(lib_a-mprec.o)
                0x0000000008008fd0                __multadd
 .text.__hi0bits
                0x0000000008009074       0x46 e:/program files (x86)/normal-riscv-none-gcc-8.2.0-2.2-20190521-0004-win64/bin/../lib/gcc/riscv-none-embed/8.2.0/../../../../riscv-none-embed/lib/rv32imac/ilp32\libc_nano.a(lib_a-mprec.o)
                0x0000000008009074                __hi0bits
 .text.__lo0bits
                0x00000000080090ba       0x6a e:/program files (x86)/normal-riscv-none-gcc-8.2.0-2.2-20190521-0004-win64/bin/../lib/gcc/riscv-none-embed/8.2.0/../../../../riscv-none-embed/lib/rv32imac/ilp32\libc_nano.a(lib_a-mprec.o)
                0x00000000080090ba                __lo0bits
 .text.__i2b    0x0000000008009124       0x20 e:/program files (x86)/normal-riscv-none-gcc-8.2.0-2.2-20190521-0004-win64/bin/../lib/gcc/riscv-none-embed/8.2.0/../../../../riscv-none-embed/lib/rv32imac/ilp32\libc_nano.a(lib_a-mprec.o)
                0x0000000008009124                __i2b
 .text.__multiply
                0x0000000008009144      0x148 e:/program files (x86)/normal-riscv-none-gcc-8.2.0-2.2-20190521-0004-win64/bin/../lib/gcc/riscv-none-embed/8.2.0/../../../../riscv-none-embed/lib/rv32imac/ilp32\libc_nano.a(lib_a-mprec.o)
                0x0000000008009144                __multiply
 .text.__pow5mult
                0x000000000800928c       0xd6 e:/program files (x86)/normal-riscv-none-gcc-8.2.0-2.2-20190521-0004-win64/bin/../lib/gcc/riscv-none-embed/8.2.0/../../../../riscv-none-embed/lib/rv32imac/ilp32\libc_nano.a(lib_a-mprec.o)
                0x000000000800928c                __pow5mult
 .text.__lshift
                0x0000000008009362       0xd6 e:/program files (x86)/normal-riscv-none-gcc-8.2.0-2.2-20190521-0004-win64/bin/../lib/gcc/riscv-none-embed/8.2.0/../../../../riscv-none-embed/lib/rv32imac/ilp32\libc_nano.a(lib_a-mprec.o)
                0x0000000008009362                __lshift
 .text.__mcmp   0x0000000008009438       0x32 e:/program files (x86)/normal-riscv-none-gcc-8.2.0-2.2-20190521-0004-win64/bin/../lib/gcc/riscv-none-embed/8.2.0/../../../../riscv-none-embed/lib/rv32imac/ilp32\libc_nano.a(lib_a-mprec.o)
                0x0000000008009438                __mcmp
 .text.__mdiff  0x000000000800946a       0xfe e:/program files (x86)/normal-riscv-none-gcc-8.2.0-2.2-20190521-0004-win64/bin/../lib/gcc/riscv-none-embed/8.2.0/../../../../riscv-none-embed/lib/rv32imac/ilp32\libc_nano.a(lib_a-mprec.o)
                0x000000000800946a                __mdiff
 .text.__d2b    0x0000000008009568       0xe4 e:/program files (x86)/normal-riscv-none-gcc-8.2.0-2.2-20190521-0004-win64/bin/../lib/gcc/riscv-none-embed/8.2.0/../../../../riscv-none-embed/lib/rv32imac/ilp32\libc_nano.a(lib_a-mprec.o)
                0x0000000008009568                __d2b
 .text._calloc_r
                0x000000000800964c       0x30 e:/program files (x86)/normal-riscv-none-gcc-8.2.0-2.2-20190521-0004-win64/bin/../lib/gcc/riscv-none-embed/8.2.0/../../../../riscv-none-embed/lib/rv32imac/ilp32\libc_nano.a(lib_a-nano-callocr.o)
                0x000000000800964c                _calloc_r
 .text._free_r  0x000000000800967c       0xb8 e:/program files (x86)/normal-riscv-none-gcc-8.2.0-2.2-20190521-0004-win64/bin/../lib/gcc/riscv-none-embed/8.2.0/../../../../riscv-none-embed/lib/rv32imac/ilp32\libc_nano.a(lib_a-nano-freer.o)
                0x000000000800967c                _free_r
 .text._malloc_r
                0x0000000008009734      0x102 e:/program files (x86)/normal-riscv-none-gcc-8.2.0-2.2-20190521-0004-win64/bin/../lib/gcc/riscv-none-embed/8.2.0/../../../../riscv-none-embed/lib/rv32imac/ilp32\libc_nano.a(lib_a-nano-mallocr.o)
                0x0000000008009734                _malloc_r
 .text.__sfputc_r
                0x0000000008009836       0x2e e:/program files (x86)/normal-riscv-none-gcc-8.2.0-2.2-20190521-0004-win64/bin/../lib/gcc/riscv-none-embed/8.2.0/../../../../riscv-none-embed/lib/rv32imac/ilp32\libc_nano.a(lib_a-nano-vfprintf.o)
 .text.__sfputs_r
                0x0000000008009864       0x48 e:/program files (x86)/normal-riscv-none-gcc-8.2.0-2.2-20190521-0004-win64/bin/../lib/gcc/riscv-none-embed/8.2.0/../../../../riscv-none-embed/lib/rv32imac/ilp32\libc_nano.a(lib_a-nano-vfprintf.o)
                0x0000000008009864                __sfputs_r
 .text._vfprintf_r
                0x00000000080098ac      0x2c0 e:/program files (x86)/normal-riscv-none-gcc-8.2.0-2.2-20190521-0004-win64/bin/../lib/gcc/riscv-none-embed/8.2.0/../../../../riscv-none-embed/lib/rv32imac/ilp32\libc_nano.a(lib_a-nano-vfprintf.o)
                0x00000000080098ac                _vfprintf_r
                0x00000000080098ac                _vfiprintf_r
 .text._putc_r  0x0000000008009b6c       0x8e e:/program files (x86)/normal-riscv-none-gcc-8.2.0-2.2-20190521-0004-win64/bin/../lib/gcc/riscv-none-embed/8.2.0/../../../../riscv-none-embed/lib/rv32imac/ilp32\libc_nano.a(lib_a-putc.o)
                0x0000000008009b6c                _putc_r
 .text._sbrk_r  0x0000000008009bfa       0x36 e:/program files (x86)/normal-riscv-none-gcc-8.2.0-2.2-20190521-0004-win64/bin/../lib/gcc/riscv-none-embed/8.2.0/../../../../riscv-none-embed/lib/rv32imac/ilp32\libc_nano.a(lib_a-sbrkr.o)
                0x0000000008009bfa                _sbrk_r
 .text.__sread  0x0000000008009c30       0x36 e:/program files (x86)/normal-riscv-none-gcc-8.2.0-2.2-20190521-0004-win64/bin/../lib/gcc/riscv-none-embed/8.2.0/../../../../riscv-none-embed/lib/rv32imac/ilp32\libc_nano.a(lib_a-stdio.o)
                0x0000000008009c30                __sread
 .text.__swrite
                0x0000000008009c66       0x5a e:/program files (x86)/normal-riscv-none-gcc-8.2.0-2.2-20190521-0004-win64/bin/../lib/gcc/riscv-none-embed/8.2.0/../../../../riscv-none-embed/lib/rv32imac/ilp32\libc_nano.a(lib_a-stdio.o)
                0x0000000008009c66                __swrite
 .text.__sseek  0x0000000008009cc0       0x3c e:/program files (x86)/normal-riscv-none-gcc-8.2.0-2.2-20190521-0004-win64/bin/../lib/gcc/riscv-none-embed/8.2.0/../../../../riscv-none-embed/lib/rv32imac/ilp32\libc_nano.a(lib_a-stdio.o)
                0x0000000008009cc0                __sseek
 .text.__sclose
                0x0000000008009cfc        0xc e:/program files (x86)/normal-riscv-none-gcc-8.2.0-2.2-20190521-0004-win64/bin/../lib/gcc/riscv-none-embed/8.2.0/../../../../riscv-none-embed/lib/rv32imac/ilp32\libc_nano.a(lib_a-stdio.o)
                0x0000000008009cfc                __sclose
 .text.__swbuf_r
                0x0000000008009d08       0xd8 e:/program files (x86)/normal-riscv-none-gcc-8.2.0-2.2-20190521-0004-win64/bin/../lib/gcc/riscv-none-embed/8.2.0/../../../../riscv-none-embed/lib/rv32imac/ilp32\libc_nano.a(lib_a-wbuf.o)
                0x0000000008009d08                __swbuf_r
 .text.__swsetup_r
                0x0000000008009de0      0x122 e:/program files (x86)/normal-riscv-none-gcc-8.2.0-2.2-20190521-0004-win64/bin/../lib/gcc/riscv-none-embed/8.2.0/../../../../riscv-none-embed/lib/rv32imac/ilp32\libc_nano.a(lib_a-wsetup.o)
                0x0000000008009de0                __swsetup_r
 .text._close_r
                0x0000000008009f02       0x36 e:/program files (x86)/normal-riscv-none-gcc-8.2.0-2.2-20190521-0004-win64/bin/../lib/gcc/riscv-none-embed/8.2.0/../../../../riscv-none-embed/lib/rv32imac/ilp32\libc_nano.a(lib_a-closer.o)
                0x0000000008009f02                _close_r
 .text.__sflush_r
                0x0000000008009f38      0x142 e:/program files (x86)/normal-riscv-none-gcc-8.2.0-2.2-20190521-0004-win64/bin/../lib/gcc/riscv-none-embed/8.2.0/../../../../riscv-none-embed/lib/rv32imac/ilp32\libc_nano.a(lib_a-fflush.o)
                0x0000000008009f38                __sflush_r
 .text._fflush_r
                0x000000000800a07a       0x70 e:/program files (x86)/normal-riscv-none-gcc-8.2.0-2.2-20190521-0004-win64/bin/../lib/gcc/riscv-none-embed/8.2.0/../../../../riscv-none-embed/lib/rv32imac/ilp32\libc_nano.a(lib_a-fflush.o)
                0x000000000800a07a                _fflush_r
 .text._lseek_r
                0x000000000800a0ea       0x3a e:/program files (x86)/normal-riscv-none-gcc-8.2.0-2.2-20190521-0004-win64/bin/../lib/gcc/riscv-none-embed/8.2.0/../../../../riscv-none-embed/lib/rv32imac/ilp32\libc_nano.a(lib_a-lseekr.o)
                0x000000000800a0ea                _lseek_r
 .text.__swhatbuf_r
                0x000000000800a124       0x5e e:/program files (x86)/normal-riscv-none-gcc-8.2.0-2.2-20190521-0004-win64/bin/../lib/gcc/riscv-none-embed/8.2.0/../../../../riscv-none-embed/lib/rv32imac/ilp32\libc_nano.a(lib_a-makebuf.o)
                0x000000000800a124                __swhatbuf_r
 .text.__smakebuf_r
                0x000000000800a182       0xae e:/program files (x86)/normal-riscv-none-gcc-8.2.0-2.2-20190521-0004-win64/bin/../lib/gcc/riscv-none-embed/8.2.0/../../../../riscv-none-embed/lib/rv32imac/ilp32\libc_nano.a(lib_a-makebuf.o)
                0x000000000800a182                __smakebuf_r
 .text.__ascii_mbtowc
                0x000000000800a230       0x3a e:/program files (x86)/normal-riscv-none-gcc-8.2.0-2.2-20190521-0004-win64/bin/../lib/gcc/riscv-none-embed/8.2.0/../../../../riscv-none-embed/lib/rv32imac/ilp32\libc_nano.a(lib_a-mbtowc_r.o)
                0x000000000800a230                __ascii_mbtowc
 .text.__malloc_lock
                0x000000000800a26a        0x2 e:/program files (x86)/normal-riscv-none-gcc-8.2.0-2.2-20190521-0004-win64/bin/../lib/gcc/riscv-none-embed/8.2.0/../../../../riscv-none-embed/lib/rv32imac/ilp32\libc_nano.a(lib_a-mlock.o)
                0x000000000800a26a                __malloc_lock
 .text.__malloc_unlock
                0x000000000800a26c        0x2 e:/program files (x86)/normal-riscv-none-gcc-8.2.0-2.2-20190521-0004-win64/bin/../lib/gcc/riscv-none-embed/8.2.0/../../../../riscv-none-embed/lib/rv32imac/ilp32\libc_nano.a(lib_a-mlock.o)
                0x000000000800a26c                __malloc_unlock
 .text._read_r  0x000000000800a26e       0x3a e:/program files (x86)/normal-riscv-none-gcc-8.2.0-2.2-20190521-0004-win64/bin/../lib/gcc/riscv-none-embed/8.2.0/../../../../riscv-none-embed/lib/rv32imac/ilp32\libc_nano.a(lib_a-readr.o)
                0x000000000800a26e                _read_r
 .text.__ascii_wctomb
                0x000000000800a2a8       0x20 e:/program files (x86)/normal-riscv-none-gcc-8.2.0-2.2-20190521-0004-win64/bin/../lib/gcc/riscv-none-embed/8.2.0/../../../../riscv-none-embed/lib/rv32imac/ilp32\libc_nano.a(lib_a-wctomb_r.o)
                0x000000000800a2a8                __ascii_wctomb
 .text._fstat_r
                0x000000000800a2c8       0x38 e:/program files (x86)/normal-riscv-none-gcc-8.2.0-2.2-20190521-0004-win64/bin/../lib/gcc/riscv-none-embed/8.2.0/../../../../riscv-none-embed/lib/rv32imac/ilp32\libc_nano.a(lib_a-fstatr.o)
                0x000000000800a2c8                _fstat_r
 .text._isatty_r
                0x000000000800a300       0x36 e:/program files (x86)/normal-riscv-none-gcc-8.2.0-2.2-20190521-0004-win64/bin/../lib/gcc/riscv-none-embed/8.2.0/../../../../riscv-none-embed/lib/rv32imac/ilp32\libc_nano.a(lib_a-isattyr.o)
                0x000000000800a300                _isatty_r
 .text.__adddf3
                0x000000000800a336      0x738 e:/program files (x86)/normal-riscv-none-gcc-8.2.0-2.2-20190521-0004-win64/bin/../lib/gcc/riscv-none-embed/8.2.0/rv32imac/ilp32\libgcc.a(adddf3.o)
                0x000000000800a336                __adddf3
 .text.__eqdf2  0x000000000800aa6e       0x6a e:/program files (x86)/normal-riscv-none-gcc-8.2.0-2.2-20190521-0004-win64/bin/../lib/gcc/riscv-none-embed/8.2.0/rv32imac/ilp32\libgcc.a(eqdf2.o)
                0x000000000800aa6e                __nedf2
                0x000000000800aa6e                __eqdf2
 .text.__subdf3
                0x000000000800aad8      0x746 e:/program files (x86)/normal-riscv-none-gcc-8.2.0-2.2-20190521-0004-win64/bin/../lib/gcc/riscv-none-embed/8.2.0/rv32imac/ilp32\libgcc.a(subdf3.o)
                0x000000000800aad8                __subdf3
 .text.__unorddf2
                0x000000000800b21e       0x3c e:/program files (x86)/normal-riscv-none-gcc-8.2.0-2.2-20190521-0004-win64/bin/../lib/gcc/riscv-none-embed/8.2.0/rv32imac/ilp32\libgcc.a(unorddf2.o)
                0x000000000800b21e                __unorddf2
 .text.__fixdfsi
                0x000000000800b25a       0x68 e:/program files (x86)/normal-riscv-none-gcc-8.2.0-2.2-20190521-0004-win64/bin/../lib/gcc/riscv-none-embed/8.2.0/rv32imac/ilp32\libgcc.a(fixdfsi.o)
                0x000000000800b25a                __fixdfsi
 .text.__floatsidf
                0x000000000800b2c2       0x76 e:/program files (x86)/normal-riscv-none-gcc-8.2.0-2.2-20190521-0004-win64/bin/../lib/gcc/riscv-none-embed/8.2.0/rv32imac/ilp32\libgcc.a(floatsidf.o)
                0x000000000800b2c2                __floatsidf
 .text.__trunctfdf2
                0x000000000800b338      0x21e e:/program files (x86)/normal-riscv-none-gcc-8.2.0-2.2-20190521-0004-win64/bin/../lib/gcc/riscv-none-embed/8.2.0/rv32imac/ilp32\libgcc.a(trunctfdf2.o)
                0x000000000800b338                __trunctfdf2
 .text._exit    0x000000000800b556        0x2 e:/program files (x86)/normal-riscv-none-gcc-8.2.0-2.2-20190521-0004-win64/bin/../lib/gcc/riscv-none-embed/8.2.0/../../../../riscv-none-embed/lib/rv32imac/ilp32\libnosys.a(_exit.o)
                0x000000000800b556                _exit
 *(.gnu.linkonce.t.*)

.sdata2._global_impure_ptr
                0x000000000800b558        0x4
 .sdata2._global_impure_ptr
                0x000000000800b558        0x4 e:/program files (x86)/normal-riscv-none-gcc-8.2.0-2.2-20190521-0004-win64/bin/../lib/gcc/riscv-none-embed/8.2.0/../../../../riscv-none-embed/lib/rv32imac/ilp32\libc_nano.a(lib_a-impure.o)
                0x000000000800b558                _global_impure_ptr

.rela.dyn       0x000000000800b55c        0x0
 .rela.text._sbrk
                0x000000000800b55c        0x0 ./build/Debug/gd32vf103_eclic.o
 .rela.sdata.curbrk.1526
                0x000000000800b55c        0x0 ./build/Debug/gd32vf103_eclic.o
 .rela.text.start_time
                0x000000000800b55c        0x0 ./build/Debug/gd32vf103_eclic.o
 .rela.text.stop_time
                0x000000000800b55c        0x0 ./build/Debug/gd32vf103_eclic.o
 .rela.text.get_time
                0x000000000800b55c        0x0 ./build/Debug/gd32vf103_eclic.o
 .rela.text.LCD_ShowChar.part.1.constprop.2
                0x000000000800b55c        0x0 ./build/Debug/gd32vf103_eclic.o
 .rela.text.handle_trap
                0x000000000800b55c        0x0 ./build/Debug/gd32vf103_eclic.o
 .rela.text.USART0_IRQHandler
                0x000000000800b55c        0x0 ./build/Debug/gd32vf103_eclic.o
 .rela.text.myalloc_init
                0x000000000800b55c        0x0 ./build/Debug/gd32vf103_eclic.o
 .rela.text.myalloc
                0x000000000800b55c        0x0 ./build/Debug/gd32vf103_eclic.o
 .rela.text.thread_init
                0x000000000800b55c        0x0 ./build/Debug/gd32vf103_eclic.o
 .rela.text.thread_create
                0x000000000800b55c        0x0 ./build/Debug/gd32vf103_eclic.o
 .rela.text.thread_sleep_tick
                0x000000000800b55c        0x0 ./build/Debug/gd32vf103_eclic.o
 .rela.text.switch_thread
                0x000000000800b55c        0x0 ./build/Debug/gd32vf103_eclic.o
 .rela.text.trap
                0x000000000800b55c        0x0 ./build/Debug/gd32vf103_eclic.o
 .rela.init     0x000000000800b55c        0x0 ./build/Debug/gd32vf103_eclic.o
 .rela.text.__libc_fini_array
                0x000000000800b55c        0x0 ./build/Debug/gd32vf103_eclic.o
 .rela.text.__libc_init_array
                0x000000000800b55c        0x0 ./build/Debug/gd32vf103_eclic.o
 .rela.text._write_r
                0x000000000800b55c        0x0 ./build/Debug/gd32vf103_eclic.o
 .rela.text.__register_exitproc
                0x000000000800b55c        0x0 ./build/Debug/gd32vf103_eclic.o
 .rela.text._vfprintf_r
                0x000000000800b55c        0x0 ./build/Debug/gd32vf103_eclic.o
 .rela.text._sbrk_r
                0x000000000800b55c        0x0 ./build/Debug/gd32vf103_eclic.o
 .rela.text._close_r
                0x000000000800b55c        0x0 ./build/Debug/gd32vf103_eclic.o
 .rela.text._lseek_r
                0x000000000800b55c        0x0 ./build/Debug/gd32vf103_eclic.o
 .rela.text._read_r
                0x000000000800b55c        0x0 ./build/Debug/gd32vf103_eclic.o
 .rela.text._fstat_r
                0x000000000800b55c        0x0 ./build/Debug/gd32vf103_eclic.o
 .rela.text._isatty_r
                0x000000000800b55c        0x0 ./build/Debug/gd32vf103_eclic.o

.fini
 *(SORT_NONE(.fini))
                0x000000000800b55c                . = ALIGN (0x4)
                [!provide]                        PROVIDE (__etext = .)
                [!provide]                        PROVIDE (_etext = .)
                [!provide]                        PROVIDE (etext = .)
                [!provide]                        PROVIDE (_eilm = .)

.preinit_array  0x000000000800b55c        0x0
                0x000000000800b55c                PROVIDE (__preinit_array_start = .)
 *(.preinit_array)
                0x000000000800b55c                PROVIDE (__preinit_array_end = .)

.init_array     0x000000000800b55c        0x0
                0x000000000800b55c                PROVIDE (__init_array_start = .)
 *(SORT_BY_INIT_PRIORITY(.init_array.*) SORT_BY_INIT_PRIORITY(.ctors.*))
 *(.init_array EXCLUDE_FILE(*crtend?.o *crtend.o *crtbegin?.o *crtbegin.o) .ctors)
                0x000000000800b55c                PROVIDE (__init_array_end = .)

.fini_array     0x000000000800b55c        0x0
                0x000000000800b55c                PROVIDE (__fini_array_start = .)
 *(SORT_BY_INIT_PRIORITY(.fini_array.*) SORT_BY_INIT_PRIORITY(.dtors.*))
 *(.fini_array EXCLUDE_FILE(*crtend?.o *crtend.o *crtbegin?.o *crtbegin.o) .dtors)
                0x000000000800b55c                PROVIDE (__fini_array_end = .)

.ctors
 *crtbegin.o(.ctors)
 *crtbegin?.o(.ctors)
 *(EXCLUDE_FILE(*crtend?.o *crtend.o) .ctors)
 *(SORT_BY_NAME(.ctors.*))
 *(.ctors)

.dtors
 *crtbegin.o(.dtors)
 *crtbegin?.o(.dtors)
 *(EXCLUDE_FILE(*crtend?.o *crtend.o) .dtors)
 *(SORT_BY_NAME(.dtors.*))
 *(.dtors)
                0x000000000800b55c                . = ALIGN (0x4)
                [!provide]                        PROVIDE (_eilm = .)

.lalign         0x000000000800b55c        0x0
                0x000000000800b55c                . = ALIGN (0x4)
                0x000000000800b55c                PROVIDE (_data_lma = .)

.dalign         0x0000000020000000        0x0 load address 0x000000000800b55c
                0x0000000020000000                . = ALIGN (0x4)
                0x0000000020000000                PROVIDE (_data = .)

.data           0x0000000020000000      0x1e8 load address 0x000000000800b55c
 *(.rdata)
 *(.gnu.linkonce.r.*)
 *(.data .data.*)
 .data.impure_data
                0x0000000020000000       0x60 e:/program files (x86)/normal-riscv-none-gcc-8.2.0-2.2-20190521-0004-win64/bin/../lib/gcc/riscv-none-embed/8.2.0/../../../../riscv-none-embed/lib/rv32imac/ilp32\libc_nano.a(lib_a-impure.o)
 .data.__global_locale
                0x0000000020000060      0x16c e:/program files (x86)/normal-riscv-none-gcc-8.2.0-2.2-20190521-0004-win64/bin/../lib/gcc/riscv-none-embed/8.2.0/../../../../riscv-none-embed/lib/rv32imac/ilp32\libc_nano.a(lib_a-locale.o)
                0x0000000020000060                __global_locale
 *(.gnu.linkonce.d.*)
                0x00000000200001d0                . = ALIGN (0x8)
 *fill*         0x00000000200001cc        0x4 
                0x00000000200009d0                PROVIDE (__global_pointer$ = (. + 0x800))
 *(.sdata .sdata.*)
 .sdata.SystemCoreClock
                0x00000000200001d0        0x4 ./build/Debug/system_gd32vf103.o
                0x00000000200001d0                SystemCoreClock
 .sdata.curbrk.1526
                0x00000000200001d4        0x4 ./build/Debug/sbrk.o
 .sdata.default_num_contexts
                0x00000000200001d8        0x4 ./build/Debug/core_portme.o
                0x00000000200001d8                default_num_contexts
 .sdata.seed3_volatile
                0x00000000200001dc        0x4 ./build/Debug/core_portme.o
                0x00000000200001dc                seed3_volatile
 .sdata.seed4_volatile
                0x00000000200001e0        0x4 ./build/Debug/core_portme.o
                0x00000000200001e0                seed4_volatile
 .sdata._impure_ptr
                0x00000000200001e4        0x4 e:/program files (x86)/normal-riscv-none-gcc-8.2.0-2.2-20190521-0004-win64/bin/../lib/gcc/riscv-none-embed/8.2.0/../../../../riscv-none-embed/lib/rv32imac/ilp32\libc_nano.a(lib_a-impure.o)
                0x00000000200001e4                _impure_ptr
 *(.gnu.linkonce.s.*)
                0x00000000200001e8                . = ALIGN (0x8)
 *(.srodata.cst16)
 *(.srodata.cst8)
 *(.srodata.cst4)
 *(.srodata.cst2)
 *(.srodata .srodata.*)
                0x00000000200001e8                . = ALIGN (0x4)
                0x00000000200001e8                PROVIDE (_edata = .)
                [!provide]                        PROVIDE (edata = .)
                [!provide]                        PROVIDE (_fbss = .)
                0x00000000200001e8                PROVIDE (__bss_start = .)

.bss            0x00000000200001e8     0x4178
 *(.sbss*)
 .sbss.seed1_volatile
                0x00000000200001e8        0x4 ./build/Debug/core_portme.o
                0x00000000200001e8                seed1_volatile
 .sbss.seed2_volatile
                0x00000000200001ec        0x4 ./build/Debug/core_portme.o
                0x00000000200001ec                seed2_volatile
 .sbss.seed5_volatile
                0x00000000200001f0        0x4 ./build/Debug/core_portme.o
                0x00000000200001f0                seed5_volatile
 .sbss.i        0x00000000200001f4        0x4 ./build/Debug/main.o
                0x00000000200001f4                i
 .sbss.ps       0x00000000200001f8        0x4 ./build/Debug/usart.o
                0x00000000200001f8                ps
 .sbss.thd_flag
                0x00000000200001fc        0x4 ./build/Debug/thread.o
                0x00000000200001fc                thd_flag
 .sbss.thd_ptr  0x0000000020000200        0x4 ./build/Debug/thread.o
                0x0000000020000200                thd_ptr
 .sbss.thd_stop_flag
                0x0000000020000204        0x4 ./build/Debug/thread.o
                0x0000000020000204                thd_stop_flag
 .sbss._global_atexit
                0x0000000020000208        0x4 e:/program files (x86)/normal-riscv-none-gcc-8.2.0-2.2-20190521-0004-win64/bin/../lib/gcc/riscv-none-embed/8.2.0/../../../../riscv-none-embed/lib/rv32imac/ilp32\libc_nano.a(lib_a-__call_atexit.o)
                0x0000000020000208                _global_atexit
 .sbss.__malloc_free_list
                0x000000002000020c        0x4 e:/program files (x86)/normal-riscv-none-gcc-8.2.0-2.2-20190521-0004-win64/bin/../lib/gcc/riscv-none-embed/8.2.0/../../../../riscv-none-embed/lib/rv32imac/ilp32\libc_nano.a(lib_a-nano-mallocr.o)
                0x000000002000020c                __malloc_free_list
 .sbss.__malloc_sbrk_start
                0x0000000020000210        0x4 e:/program files (x86)/normal-riscv-none-gcc-8.2.0-2.2-20190521-0004-win64/bin/../lib/gcc/riscv-none-embed/8.2.0/../../../../riscv-none-embed/lib/rv32imac/ilp32\libc_nano.a(lib_a-nano-mallocr.o)
                0x0000000020000210                __malloc_sbrk_start
 *(.gnu.linkonce.sb.*)
 *(.bss .bss.*)
 .bss._global_atexit0
                0x0000000020000214       0x8c e:/program files (x86)/normal-riscv-none-gcc-8.2.0-2.2-20190521-0004-win64/bin/../lib/gcc/riscv-none-embed/8.2.0/../../../../riscv-none-embed/lib/rv32imac/ilp32\libc_nano.a(lib_a-__atexit.o)
 *(.gnu.linkonce.b.*)
 *(COMMON)
 COMMON         0x00000000200002a0       0x10 ./build/Debug/core_portme.o
                0x00000000200002a0                timer_1
                0x00000000200002a8                timer_0
 COMMON         0x00000000200002b0        0x4 ./build/Debug/lcd.o
                0x00000000200002b0                BACK_COLOR
 COMMON         0x00000000200002b4     0x4004 ./build/Debug/myalloc.o
                0x00000000200002b4                buff
                0x00000000200042b4                alloc_head
 COMMON         0x00000000200042b8       0xa4 ./build/Debug/thread.o
                0x00000000200042b8                thds_temp
                0x00000000200042cc                thds
                0x0000000020004358                thd_ptr_
 COMMON         0x000000002000435c        0x4 e:/program files (x86)/normal-riscv-none-gcc-8.2.0-2.2-20190521-0004-win64/bin/../lib/gcc/riscv-none-embed/8.2.0/../../../../riscv-none-embed/lib/rv32imac/ilp32\libc_nano.a(lib_a-reent.o)
                0x000000002000435c                errno
                0x0000000020004360                . = ALIGN (0x4)
                0x0000000020004360                . = ALIGN (0x8)
                0x0000000020004360                PROVIDE (_end = .)
                [!provide]                        PROVIDE (end = .)

.stack          0x0000000020007800      0x800 load address 0x0000000020004360
                0x0000000020007800                PROVIDE (_heap_end = .)
                0x0000000000000800                . = __stack_size
 *fill*         0x0000000020007800      0x800 
                0x0000000020008000                PROVIDE (_sp = .)
OUTPUT(./build/Debug/gd32vf103_thread.elf elf32-littleriscv)

.debug_info     0x0000000000000000    0x1a4c8
 .debug_info    0x0000000000000000      0x27a ./build/Debug/gd32vf103_eclic.o
 .debug_info    0x000000000000027a      0x70f ./build/Debug/gd32vf103_gpio.o
 .debug_info    0x0000000000000989     0x100e ./build/Debug/gd32vf103_rcu.o
 .debug_info    0x0000000000001997      0xa0d ./build/Debug/gd32vf103_spi.o
 .debug_info    0x00000000000023a4     0x1701 ./build/Debug/gd32vf103_timer.o
 .debug_info    0x0000000000003aa5      0xc94 ./build/Debug/gd32vf103_usart.o
 .debug_info    0x0000000000004739      0x1ef ./build/Debug/system_gd32vf103.o
 .debug_info    0x0000000000004928     0x17ed ./build/Debug/n200_func.o
 .debug_info    0x0000000000006115      0x9e0 ./build/Debug/close.o
 .debug_info    0x0000000000006af5      0xc41 ./build/Debug/fstat.o
 .debug_info    0x0000000000007736       0xf4 ./build/Debug/isatty.o
 .debug_info    0x000000000000782a      0xa39 ./build/Debug/lseek.o
 .debug_info    0x0000000000008263      0xa14 ./build/Debug/read.o
 .debug_info    0x0000000000008c77       0xbd ./build/Debug/sbrk.o
 .debug_info    0x0000000000008d34      0xc41 ./build/Debug/write.o
 .debug_info    0x0000000000009975     0x1a64 ./build/Debug/core_list_join.o
 .debug_info    0x000000000000b3d9     0x1445 ./build/Debug/core_main.o
 .debug_info    0x000000000000c81e     0x14c5 ./build/Debug/core_matrix.o
 .debug_info    0x000000000000dce3      0xbe7 ./build/Debug/core_portme.o
 .debug_info    0x000000000000e8ca      0xdf8 ./build/Debug/core_state.o
 .debug_info    0x000000000000f6c2      0xe4d ./build/Debug/core_util.o
 .debug_info    0x000000000001050f     0x46a0 ./build/Debug/lcd.o
 .debug_info    0x0000000000014baf      0xd2a ./build/Debug/main.o
 .debug_info    0x00000000000158d9      0xa62 ./build/Debug/handlers.o
 .debug_info    0x000000000001633b     0x16a6 ./build/Debug/init.o
 .debug_info    0x00000000000179e1      0xd74 ./build/Debug/usart.o
 .debug_info    0x0000000000018755      0x1ad ./build/Debug/systick.o
 .debug_info    0x0000000000018902      0xd44 ./build/Debug/myalloc.o
 .debug_info    0x0000000000019646      0xe3a ./build/Debug/thread.o
 .debug_info    0x000000000001a480       0x22 ./build/Debug/entry.o
 .debug_info    0x000000000001a4a2       0x26 ./build/Debug/start.o

.debug_abbrev   0x0000000000000000     0x4bbc
 .debug_abbrev  0x0000000000000000       0xe5 ./build/Debug/gd32vf103_eclic.o
 .debug_abbrev  0x00000000000000e5      0x21a ./build/Debug/gd32vf103_gpio.o
 .debug_abbrev  0x00000000000002ff      0x2b4 ./build/Debug/gd32vf103_rcu.o
 .debug_abbrev  0x00000000000005b3      0x203 ./build/Debug/gd32vf103_spi.o
 .debug_abbrev  0x00000000000007b6      0x2ca ./build/Debug/gd32vf103_timer.o
 .debug_abbrev  0x0000000000000a80      0x1da ./build/Debug/gd32vf103_usart.o
 .debug_abbrev  0x0000000000000c5a       0xdc ./build/Debug/system_gd32vf103.o
 .debug_abbrev  0x0000000000000d36      0x53b ./build/Debug/n200_func.o
 .debug_abbrev  0x0000000000001271      0x20b ./build/Debug/close.o
 .debug_abbrev  0x000000000000147c      0x237 ./build/Debug/fstat.o
 .debug_abbrev  0x00000000000016b3       0x73 ./build/Debug/isatty.o
 .debug_abbrev  0x0000000000001726      0x237 ./build/Debug/lseek.o
 .debug_abbrev  0x000000000000195d      0x21c ./build/Debug/read.o
 .debug_abbrev  0x0000000000001b79       0xaa ./build/Debug/sbrk.o
 .debug_abbrev  0x0000000000001c23      0x319 ./build/Debug/write.o
 .debug_abbrev  0x0000000000001f3c      0x410 ./build/Debug/core_list_join.o
 .debug_abbrev  0x000000000000234c      0x311 ./build/Debug/core_main.o
 .debug_abbrev  0x000000000000265d      0x376 ./build/Debug/core_matrix.o
 .debug_abbrev  0x00000000000029d3      0x2ff ./build/Debug/core_portme.o
 .debug_abbrev  0x0000000000002cd2      0x381 ./build/Debug/core_state.o
 .debug_abbrev  0x0000000000003053      0x302 ./build/Debug/core_util.o
 .debug_abbrev  0x0000000000003355      0x4ee ./build/Debug/lcd.o
 .debug_abbrev  0x0000000000003843      0x28f ./build/Debug/main.o
 .debug_abbrev  0x0000000000003ad2      0x253 ./build/Debug/handlers.o
 .debug_abbrev  0x0000000000003d25      0x385 ./build/Debug/init.o
 .debug_abbrev  0x00000000000040aa      0x36d ./build/Debug/usart.o
 .debug_abbrev  0x0000000000004417       0xf1 ./build/Debug/systick.o
 .debug_abbrev  0x0000000000004508      0x356 ./build/Debug/myalloc.o
 .debug_abbrev  0x000000000000485e      0x338 ./build/Debug/thread.o
 .debug_abbrev  0x0000000000004b96       0x12 ./build/Debug/entry.o
 .debug_abbrev  0x0000000000004ba8       0x14 ./build/Debug/start.o

.debug_loc      0x0000000000000000     0xcde8
 .debug_loc     0x0000000000000000       0xbb ./build/Debug/gd32vf103_eclic.o
 .debug_loc     0x00000000000000bb      0xc41 ./build/Debug/gd32vf103_gpio.o
 .debug_loc     0x0000000000000cfc      0xa17 ./build/Debug/gd32vf103_rcu.o
 .debug_loc     0x0000000000001713      0x4ed ./build/Debug/gd32vf103_spi.o
 .debug_loc     0x0000000000001c00      0xf41 ./build/Debug/gd32vf103_timer.o
 .debug_loc     0x0000000000002b41      0x754 ./build/Debug/gd32vf103_usart.o
 .debug_loc     0x0000000000003295      0x1b1 ./build/Debug/system_gd32vf103.o
 .debug_loc     0x0000000000003446      0x8e8 ./build/Debug/n200_func.o
 .debug_loc     0x0000000000003d2e       0x21 ./build/Debug/close.o
 .debug_loc     0x0000000000003d4f       0x58 ./build/Debug/fstat.o
 .debug_loc     0x0000000000003da7       0x2e ./build/Debug/isatty.o
 .debug_loc     0x0000000000003dd5       0x63 ./build/Debug/lseek.o
 .debug_loc     0x0000000000003e38       0x21 ./build/Debug/read.o
 .debug_loc     0x0000000000003e59       0x21 ./build/Debug/sbrk.o
 .debug_loc     0x0000000000003e7a      0x1eb ./build/Debug/write.o
 .debug_loc     0x0000000000004065     0x23b4 ./build/Debug/core_list_join.o
 .debug_loc     0x0000000000006419      0x78c ./build/Debug/core_main.o
 .debug_loc     0x0000000000006ba5     0x14e6 ./build/Debug/core_matrix.o
 .debug_loc     0x000000000000808b       0x89 ./build/Debug/core_portme.o
 .debug_loc     0x0000000000008114      0xa4f ./build/Debug/core_state.o
 .debug_loc     0x0000000000008b63     0x1310 ./build/Debug/core_util.o
 .debug_loc     0x0000000000009e73     0x2550 ./build/Debug/lcd.o
 .debug_loc     0x000000000000c3c3       0x58 ./build/Debug/handlers.o
 .debug_loc     0x000000000000c41b       0x3f ./build/Debug/init.o
 .debug_loc     0x000000000000c45a      0x12c ./build/Debug/usart.o
 .debug_loc     0x000000000000c586       0xa0 ./build/Debug/systick.o
 .debug_loc     0x000000000000c626      0x1fa ./build/Debug/myalloc.o
 .debug_loc     0x000000000000c820      0x5c8 ./build/Debug/thread.o

.debug_aranges  0x0000000000000000      0xe20
 .debug_aranges
                0x0000000000000000       0x50 ./build/Debug/gd32vf103_eclic.o
 .debug_aranges
                0x0000000000000050       0xa0 ./build/Debug/gd32vf103_gpio.o
 .debug_aranges
                0x00000000000000f0      0x160 ./build/Debug/gd32vf103_rcu.o
 .debug_aranges
                0x0000000000000250      0x128 ./build/Debug/gd32vf103_spi.o
 .debug_aranges
                0x0000000000000378      0x238 ./build/Debug/gd32vf103_timer.o
 .debug_aranges
                0x00000000000005b0      0x170 ./build/Debug/gd32vf103_usart.o
 .debug_aranges
                0x0000000000000720       0x28 ./build/Debug/system_gd32vf103.o
 .debug_aranges
                0x0000000000000748      0x140 ./build/Debug/n200_func.o
 .debug_aranges
                0x0000000000000888       0x20 ./build/Debug/close.o
 .debug_aranges
                0x00000000000008a8       0x20 ./build/Debug/fstat.o
 .debug_aranges
                0x00000000000008c8       0x20 ./build/Debug/isatty.o
 .debug_aranges
                0x00000000000008e8       0x20 ./build/Debug/lseek.o
 .debug_aranges
                0x0000000000000908       0x20 ./build/Debug/read.o
 .debug_aranges
                0x0000000000000928       0x20 ./build/Debug/sbrk.o
 .debug_aranges
                0x0000000000000948       0x30 ./build/Debug/write.o
 .debug_aranges
                0x0000000000000978       0x78 ./build/Debug/core_list_join.o
 .debug_aranges
                0x00000000000009f0       0x28 ./build/Debug/core_main.o
 .debug_aranges
                0x0000000000000a18       0x60 ./build/Debug/core_matrix.o
 .debug_aranges
                0x0000000000000a78       0x48 ./build/Debug/core_portme.o
 .debug_aranges
                0x0000000000000ac0       0x30 ./build/Debug/core_state.o
 .debug_aranges
                0x0000000000000af0       0x48 ./build/Debug/core_util.o
 .debug_aranges
                0x0000000000000b38       0xd0 ./build/Debug/lcd.o
 .debug_aranges
                0x0000000000000c08       0x48 ./build/Debug/main.o
 .debug_aranges
                0x0000000000000c50       0x28 ./build/Debug/handlers.o
 .debug_aranges
                0x0000000000000c78       0x60 ./build/Debug/init.o
 .debug_aranges
                0x0000000000000cd8       0x50 ./build/Debug/usart.o
 .debug_aranges
                0x0000000000000d28       0x28 ./build/Debug/systick.o
 .debug_aranges
                0x0000000000000d50       0x40 ./build/Debug/myalloc.o
 .debug_aranges
                0x0000000000000d90       0x48 ./build/Debug/thread.o
 .debug_aranges
                0x0000000000000dd8       0x28 ./build/Debug/entry.o
 .debug_aranges
                0x0000000000000e00       0x20 ./build/Debug/start.o

.debug_ranges   0x0000000000000000     0x1de0
 .debug_ranges  0x0000000000000000       0x40 ./build/Debug/gd32vf103_eclic.o
 .debug_ranges  0x0000000000000040       0x90 ./build/Debug/gd32vf103_gpio.o
 .debug_ranges  0x00000000000000d0      0x270 ./build/Debug/gd32vf103_rcu.o
 .debug_ranges  0x0000000000000340      0x118 ./build/Debug/gd32vf103_spi.o
 .debug_ranges  0x0000000000000458      0x270 ./build/Debug/gd32vf103_timer.o
 .debug_ranges  0x00000000000006c8      0x160 ./build/Debug/gd32vf103_usart.o
 .debug_ranges  0x0000000000000828       0x38 ./build/Debug/system_gd32vf103.o
 .debug_ranges  0x0000000000000860      0x2f8 ./build/Debug/n200_func.o
 .debug_ranges  0x0000000000000b58       0x10 ./build/Debug/close.o
 .debug_ranges  0x0000000000000b68       0x10 ./build/Debug/fstat.o
 .debug_ranges  0x0000000000000b78       0x10 ./build/Debug/isatty.o
 .debug_ranges  0x0000000000000b88       0x10 ./build/Debug/lseek.o
 .debug_ranges  0x0000000000000b98       0x10 ./build/Debug/read.o
 .debug_ranges  0x0000000000000ba8       0x10 ./build/Debug/sbrk.o
 .debug_ranges  0x0000000000000bb8       0x58 ./build/Debug/write.o
 .debug_ranges  0x0000000000000c10      0x398 ./build/Debug/core_list_join.o
 .debug_ranges  0x0000000000000fa8       0xa8 ./build/Debug/core_main.o
 .debug_ranges  0x0000000000001050      0x1a8 ./build/Debug/core_matrix.o
 .debug_ranges  0x00000000000011f8       0x38 ./build/Debug/core_portme.o
 .debug_ranges  0x0000000000001230      0x130 ./build/Debug/core_state.o
 .debug_ranges  0x0000000000001360      0x170 ./build/Debug/core_util.o
 .debug_ranges  0x00000000000014d0      0x5b8 ./build/Debug/lcd.o
 .debug_ranges  0x0000000000001a88       0x38 ./build/Debug/main.o
 .debug_ranges  0x0000000000001ac0       0x18 ./build/Debug/handlers.o
 .debug_ranges  0x0000000000001ad8       0x80 ./build/Debug/init.o
 .debug_ranges  0x0000000000001b58       0x88 ./build/Debug/usart.o
 .debug_ranges  0x0000000000001be0       0x18 ./build/Debug/systick.o
 .debug_ranges  0x0000000000001bf8       0x80 ./build/Debug/myalloc.o
 .debug_ranges  0x0000000000001c78      0x148 ./build/Debug/thread.o
 .debug_ranges  0x0000000000001dc0       0x20 ./build/Debug/entry.o

.debug_line     0x0000000000000000    0x19369
 .debug_line    0x0000000000000000      0x344 ./build/Debug/gd32vf103_eclic.o
 .debug_line    0x0000000000000344     0x2257 ./build/Debug/gd32vf103_gpio.o
 .debug_line    0x000000000000259b     0x167c ./build/Debug/gd32vf103_rcu.o
 .debug_line    0x0000000000003c17      0xedc ./build/Debug/gd32vf103_spi.o
 .debug_line    0x0000000000004af3     0x2d8b ./build/Debug/gd32vf103_timer.o
 .debug_line    0x000000000000787e      0xe94 ./build/Debug/gd32vf103_usart.o
 .debug_line    0x0000000000008712      0x775 ./build/Debug/system_gd32vf103.o
 .debug_line    0x0000000000008e87     0x1384 ./build/Debug/n200_func.o
 .debug_line    0x000000000000a20b      0x192 ./build/Debug/close.o
 .debug_line    0x000000000000a39d      0x2e3 ./build/Debug/fstat.o
 .debug_line    0x000000000000a680       0xdd ./build/Debug/isatty.o
 .debug_line    0x000000000000a75d      0x1b3 ./build/Debug/lseek.o
 .debug_line    0x000000000000a910      0x19e ./build/Debug/read.o
 .debug_line    0x000000000000aaae      0x147 ./build/Debug/sbrk.o
 .debug_line    0x000000000000abf5      0x4aa ./build/Debug/write.o
 .debug_line    0x000000000000b09f     0x24f5 ./build/Debug/core_list_join.o
 .debug_line    0x000000000000d594     0x124a ./build/Debug/core_main.o
 .debug_line    0x000000000000e7de     0x120f ./build/Debug/core_matrix.o
 .debug_line    0x000000000000f9ed      0x3e9 ./build/Debug/core_portme.o
 .debug_line    0x000000000000fdd6      0xf9f ./build/Debug/core_state.o
 .debug_line    0x0000000000010d75     0x2122 ./build/Debug/core_util.o
 .debug_line    0x0000000000012e97     0x275f ./build/Debug/lcd.o
 .debug_line    0x00000000000155f6      0x4de ./build/Debug/main.o
 .debug_line    0x0000000000015ad4      0x278 ./build/Debug/handlers.o
 .debug_line    0x0000000000015d4c      0x989 ./build/Debug/init.o
 .debug_line    0x00000000000166d5      0x8f2 ./build/Debug/usart.o
 .debug_line    0x0000000000016fc7      0x3d5 ./build/Debug/systick.o
 .debug_line    0x000000000001739c      0x890 ./build/Debug/myalloc.o
 .debug_line    0x0000000000017c2c     0x1415 ./build/Debug/thread.o
 .debug_line    0x0000000000019041      0x1bd ./build/Debug/entry.o
 .debug_line    0x00000000000191fe      0x16b ./build/Debug/start.o

.debug_str      0x0000000000000000     0x40a4
 .debug_str     0x0000000000000000      0x26c ./build/Debug/gd32vf103_eclic.o
                                        0x2c9 (size before relaxing)
 .debug_str     0x000000000000026c      0x3f6 ./build/Debug/gd32vf103_gpio.o
                                        0x56b (size before relaxing)
 .debug_str     0x0000000000000662      0xa7b ./build/Debug/gd32vf103_rcu.o
                                        0xdd2 (size before relaxing)
 .debug_str     0x00000000000010dd      0x3a8 ./build/Debug/gd32vf103_spi.o
                                        0x737 (size before relaxing)
 .debug_str     0x0000000000001485      0xb0e ./build/Debug/gd32vf103_timer.o
                                        0xeaf (size before relaxing)
 .debug_str     0x0000000000001f93      0x59d ./build/Debug/gd32vf103_usart.o
                                        0x92b (size before relaxing)
 .debug_str     0x0000000000002530       0xa0 ./build/Debug/system_gd32vf103.o
                                        0x23d (size before relaxing)
 .debug_str     0x00000000000025d0      0x6cf ./build/Debug/n200_func.o
                                        0x946 (size before relaxing)
 .debug_str     0x0000000000002c9f       0x3c ./build/Debug/close.o
                                        0x573 (size before relaxing)
 .debug_str     0x0000000000002cdb      0x140 ./build/Debug/fstat.o
                                        0x6eb (size before relaxing)
 .debug_str     0x0000000000002e1b       0x28 ./build/Debug/isatty.o
                                        0x17a (size before relaxing)
 .debug_str     0x0000000000002e43       0x26 ./build/Debug/lseek.o
                                        0x58f (size before relaxing)
 .debug_str     0x0000000000002e69       0x1e ./build/Debug/read.o
                                        0x581 (size before relaxing)
 .debug_str     0x0000000000002e87       0x44 ./build/Debug/sbrk.o
                                        0x105 (size before relaxing)
 .debug_str     0x0000000000002ecb       0x3f ./build/Debug/write.o
                                        0x69f (size before relaxing)
 .debug_str     0x0000000000002f0a      0x30c ./build/Debug/core_list_join.o
                                        0x877 (size before relaxing)
 .debug_str     0x0000000000003216      0x194 ./build/Debug/core_main.o
                                        0x81f (size before relaxing)
 .debug_str     0x00000000000033aa       0xcf ./build/Debug/core_matrix.o
                                        0x690 (size before relaxing)
 .debug_str     0x0000000000003479       0xa3 ./build/Debug/core_portme.o
                                        0x6ad (size before relaxing)
 .debug_str     0x000000000000351c      0x123 ./build/Debug/core_state.o
                                        0x6f9 (size before relaxing)
 .debug_str     0x000000000000363f       0x32 ./build/Debug/core_util.o
                                        0x61e (size before relaxing)
 .debug_str     0x0000000000003671      0x24a ./build/Debug/lcd.o
                                        0xa57 (size before relaxing)
 .debug_str     0x00000000000038bb       0x80 ./build/Debug/main.o
                                        0x6dc (size before relaxing)
 .debug_str     0x000000000000393b       0x46 ./build/Debug/handlers.o
                                        0x58d (size before relaxing)
 .debug_str     0x0000000000003981      0x482 ./build/Debug/init.o
                                        0xf1d (size before relaxing)
 .debug_str     0x0000000000003e03      0x14f ./build/Debug/usart.o
                                        0x76f (size before relaxing)
 .debug_str     0x0000000000003f52       0x21 ./build/Debug/systick.o
                                        0x1b9 (size before relaxing)
 .debug_str     0x0000000000003f73       0x81 ./build/Debug/myalloc.o
                                        0x692 (size before relaxing)
 .debug_str     0x0000000000003ff4       0x7e ./build/Debug/thread.o
                                        0x707 (size before relaxing)
 .debug_str     0x0000000000004072       0x1f ./build/Debug/entry.o
                                         0x3f (size before relaxing)
 .debug_str     0x0000000000004091       0x13 ./build/Debug/start.o
                                         0x3f (size before relaxing)

.comment        0x0000000000000000       0x39
 .comment       0x0000000000000000       0x39 ./build/Debug/gd32vf103_eclic.o
                                         0x3a (size before relaxing)
 .comment       0x0000000000000039       0x3a ./build/Debug/gd32vf103_gpio.o
 .comment       0x0000000000000039       0x3a ./build/Debug/gd32vf103_rcu.o
 .comment       0x0000000000000039       0x3a ./build/Debug/gd32vf103_spi.o
 .comment       0x0000000000000039       0x3a ./build/Debug/gd32vf103_timer.o
 .comment       0x0000000000000039       0x3a ./build/Debug/gd32vf103_usart.o
 .comment       0x0000000000000039       0x3a ./build/Debug/system_gd32vf103.o
 .comment       0x0000000000000039       0x3a ./build/Debug/n200_func.o
 .comment       0x0000000000000039       0x3a ./build/Debug/close.o
 .comment       0x0000000000000039       0x3a ./build/Debug/fstat.o
 .comment       0x0000000000000039       0x3a ./build/Debug/isatty.o
 .comment       0x0000000000000039       0x3a ./build/Debug/lseek.o
 .comment       0x0000000000000039       0x3a ./build/Debug/read.o
 .comment       0x0000000000000039       0x3a ./build/Debug/sbrk.o
 .comment       0x0000000000000039       0x3a ./build/Debug/write.o
 .comment       0x0000000000000039       0x3a ./build/Debug/core_list_join.o
 .comment       0x0000000000000039       0x3a ./build/Debug/core_main.o
 .comment       0x0000000000000039       0x3a ./build/Debug/core_matrix.o
 .comment       0x0000000000000039       0x3a ./build/Debug/core_portme.o
 .comment       0x0000000000000039       0x3a ./build/Debug/core_state.o
 .comment       0x0000000000000039       0x3a ./build/Debug/core_util.o
 .comment       0x0000000000000039       0x3a ./build/Debug/lcd.o
 .comment       0x0000000000000039       0x3a ./build/Debug/main.o
 .comment       0x0000000000000039       0x3a ./build/Debug/handlers.o
 .comment       0x0000000000000039       0x3a ./build/Debug/init.o
 .comment       0x0000000000000039       0x3a ./build/Debug/usart.o
 .comment       0x0000000000000039       0x3a ./build/Debug/systick.o
 .comment       0x0000000000000039       0x3a ./build/Debug/myalloc.o
 .comment       0x0000000000000039       0x3a ./build/Debug/thread.o

.debug_frame    0x0000000000000000     0x3514
 .debug_frame   0x0000000000000000       0x98 ./build/Debug/gd32vf103_eclic.o
 .debug_frame   0x0000000000000098      0x160 ./build/Debug/gd32vf103_gpio.o
 .debug_frame   0x00000000000001f8      0x2b4 ./build/Debug/gd32vf103_rcu.o
 .debug_frame   0x00000000000004ac      0x268 ./build/Debug/gd32vf103_spi.o
 .debug_frame   0x0000000000000714      0x4a4 ./build/Debug/gd32vf103_timer.o
 .debug_frame   0x0000000000000bb8      0x30c ./build/Debug/gd32vf103_usart.o
 .debug_frame   0x0000000000000ec4       0x30 ./build/Debug/system_gd32vf103.o
 .debug_frame   0x0000000000000ef4      0x26c ./build/Debug/n200_func.o
 .debug_frame   0x0000000000001160       0x20 ./build/Debug/close.o
 .debug_frame   0x0000000000001180       0x34 ./build/Debug/fstat.o
 .debug_frame   0x00000000000011b4       0x20 ./build/Debug/isatty.o
 .debug_frame   0x00000000000011d4       0x2c ./build/Debug/lseek.o
 .debug_frame   0x0000000000001200       0x20 ./build/Debug/read.o
 .debug_frame   0x0000000000001220       0x20 ./build/Debug/sbrk.o
 .debug_frame   0x0000000000001240       0x98 ./build/Debug/write.o
 .debug_frame   0x00000000000012d8      0x18c ./build/Debug/core_list_join.o
 .debug_frame   0x0000000000001464       0x94 ./build/Debug/core_main.o
 .debug_frame   0x00000000000014f8      0x18c ./build/Debug/core_matrix.o
 .debug_frame   0x0000000000001684       0xb0 ./build/Debug/core_portme.o
 .debug_frame   0x0000000000001734       0x90 ./build/Debug/core_state.o
 .debug_frame   0x00000000000017c4       0x70 ./build/Debug/core_util.o
 .debug_frame   0x0000000000001834      0x518 ./build/Debug/lcd.o
 .debug_frame   0x0000000000001d4c       0x9c ./build/Debug/main.o
 .debug_frame   0x0000000000001de8       0x40 ./build/Debug/handlers.o
 .debug_frame   0x0000000000001e28      0x13c ./build/Debug/init.o
 .debug_frame   0x0000000000001f64       0x98 ./build/Debug/usart.o
 .debug_frame   0x0000000000001ffc       0x78 ./build/Debug/systick.o
 .debug_frame   0x0000000000002074       0x70 ./build/Debug/myalloc.o
 .debug_frame   0x00000000000020e4       0xf8 ./build/Debug/thread.o
 .debug_frame   0x00000000000021dc       0x50 e:/program files (x86)/normal-riscv-none-gcc-8.2.0-2.2-20190521-0004-win64/bin/../lib/gcc/riscv-none-embed/8.2.0/rv32imac/ilp32\libgcc.a(divdf3.o)
 .debug_frame   0x000000000000222c       0x20 e:/program files (x86)/normal-riscv-none-gcc-8.2.0-2.2-20190521-0004-win64/bin/../lib/gcc/riscv-none-embed/8.2.0/rv32imac/ilp32\libgcc.a(gedf2.o)
 .debug_frame   0x000000000000224c       0x20 e:/program files (x86)/normal-riscv-none-gcc-8.2.0-2.2-20190521-0004-win64/bin/../lib/gcc/riscv-none-embed/8.2.0/rv32imac/ilp32\libgcc.a(ledf2.o)
 .debug_frame   0x000000000000226c       0x54 e:/program files (x86)/normal-riscv-none-gcc-8.2.0-2.2-20190521-0004-win64/bin/../lib/gcc/riscv-none-embed/8.2.0/rv32imac/ilp32\libgcc.a(muldf3.o)
 .debug_frame   0x00000000000022c0       0x20 e:/program files (x86)/normal-riscv-none-gcc-8.2.0-2.2-20190521-0004-win64/bin/../lib/gcc/riscv-none-embed/8.2.0/rv32imac/ilp32\libgcc.a(fixunsdfsi.o)
 .debug_frame   0x00000000000022e0       0x38 e:/program files (x86)/normal-riscv-none-gcc-8.2.0-2.2-20190521-0004-win64/bin/../lib/gcc/riscv-none-embed/8.2.0/rv32imac/ilp32\libgcc.a(floatunsidf.o)
 .debug_frame   0x0000000000002318       0x50 e:/program files (x86)/normal-riscv-none-gcc-8.2.0-2.2-20190521-0004-win64/bin/../lib/gcc/riscv-none-embed/8.2.0/rv32imac/ilp32\libgcc.a(floatundidf.o)
 .debug_frame   0x0000000000002368       0x20 e:/program files (x86)/normal-riscv-none-gcc-8.2.0-2.2-20190521-0004-win64/bin/../lib/gcc/riscv-none-embed/8.2.0/rv32imac/ilp32\libgcc.a(_clzsi2.o)
 .debug_frame   0x0000000000002388       0x20 e:/program files (x86)/normal-riscv-none-gcc-8.2.0-2.2-20190521-0004-win64/bin/../lib/gcc/riscv-none-embed/8.2.0/../../../../riscv-none-embed/lib/rv32imac/ilp32\libc_nano.a(lib_a-atexit.o)
 .debug_frame   0x00000000000023a8       0x28 e:/program files (x86)/normal-riscv-none-gcc-8.2.0-2.2-20190521-0004-win64/bin/../lib/gcc/riscv-none-embed/8.2.0/../../../../riscv-none-embed/lib/rv32imac/ilp32\libc_nano.a(lib_a-exit.o)
 .debug_frame   0x00000000000023d0       0x38 e:/program files (x86)/normal-riscv-none-gcc-8.2.0-2.2-20190521-0004-win64/bin/../lib/gcc/riscv-none-embed/8.2.0/../../../../riscv-none-embed/lib/rv32imac/ilp32\libc_nano.a(lib_a-fini.o)
 .debug_frame   0x0000000000002408       0x3c e:/program files (x86)/normal-riscv-none-gcc-8.2.0-2.2-20190521-0004-win64/bin/../lib/gcc/riscv-none-embed/8.2.0/../../../../riscv-none-embed/lib/rv32imac/ilp32\libc_nano.a(lib_a-init.o)
 .debug_frame   0x0000000000002444       0xbc e:/program files (x86)/normal-riscv-none-gcc-8.2.0-2.2-20190521-0004-win64/bin/../lib/gcc/riscv-none-embed/8.2.0/../../../../riscv-none-embed/lib/rv32imac/ilp32\libc_nano.a(lib_a-nano-vfprintf_float.o)
 .debug_frame   0x0000000000002500       0x8c e:/program files (x86)/normal-riscv-none-gcc-8.2.0-2.2-20190521-0004-win64/bin/../lib/gcc/riscv-none-embed/8.2.0/../../../../riscv-none-embed/lib/rv32imac/ilp32\libc_nano.a(lib_a-nano-vfprintf_i.o)
 .debug_frame   0x000000000000258c       0x54 e:/program files (x86)/normal-riscv-none-gcc-8.2.0-2.2-20190521-0004-win64/bin/../lib/gcc/riscv-none-embed/8.2.0/../../../../riscv-none-embed/lib/rv32imac/ilp32\libc_nano.a(lib_a-printf.o)
 .debug_frame   0x00000000000025e0       0x50 e:/program files (x86)/normal-riscv-none-gcc-8.2.0-2.2-20190521-0004-win64/bin/../lib/gcc/riscv-none-embed/8.2.0/../../../../riscv-none-embed/lib/rv32imac/ilp32\libc_nano.a(lib_a-putchar.o)
 .debug_frame   0x0000000000002630       0x20 e:/program files (x86)/normal-riscv-none-gcc-8.2.0-2.2-20190521-0004-win64/bin/../lib/gcc/riscv-none-embed/8.2.0/../../../../riscv-none-embed/lib/rv32imac/ilp32\libc_nano.a(lib_a-strlen.o)
 .debug_frame   0x0000000000002650       0x20 e:/program files (x86)/normal-riscv-none-gcc-8.2.0-2.2-20190521-0004-win64/bin/../lib/gcc/riscv-none-embed/8.2.0/../../../../riscv-none-embed/lib/rv32imac/ilp32\libc_nano.a(lib_a-sysisatty.o)
 .debug_frame   0x0000000000002670       0x20 e:/program files (x86)/normal-riscv-none-gcc-8.2.0-2.2-20190521-0004-win64/bin/../lib/gcc/riscv-none-embed/8.2.0/../../../../riscv-none-embed/lib/rv32imac/ilp32\libc_nano.a(lib_a-syswrite.o)
 .debug_frame   0x0000000000002690       0x30 e:/program files (x86)/normal-riscv-none-gcc-8.2.0-2.2-20190521-0004-win64/bin/../lib/gcc/riscv-none-embed/8.2.0/../../../../riscv-none-embed/lib/rv32imac/ilp32\libc_nano.a(lib_a-writer.o)
 .debug_frame   0x00000000000026c0       0x20 e:/program files (x86)/normal-riscv-none-gcc-8.2.0-2.2-20190521-0004-win64/bin/../lib/gcc/riscv-none-embed/8.2.0/../../../../riscv-none-embed/lib/rv32imac/ilp32\libc_nano.a(lib_a-__atexit.o)
 .debug_frame   0x00000000000026e0       0x54 e:/program files (x86)/normal-riscv-none-gcc-8.2.0-2.2-20190521-0004-win64/bin/../lib/gcc/riscv-none-embed/8.2.0/../../../../riscv-none-embed/lib/rv32imac/ilp32\libc_nano.a(lib_a-__call_atexit.o)
 .debug_frame   0x0000000000002734       0x98 e:/program files (x86)/normal-riscv-none-gcc-8.2.0-2.2-20190521-0004-win64/bin/../lib/gcc/riscv-none-embed/8.2.0/../../../../riscv-none-embed/lib/rv32imac/ilp32\libc_nano.a(lib_a-dtoa.o)
 .debug_frame   0x00000000000027cc      0x148 e:/program files (x86)/normal-riscv-none-gcc-8.2.0-2.2-20190521-0004-win64/bin/../lib/gcc/riscv-none-embed/8.2.0/../../../../riscv-none-embed/lib/rv32imac/ilp32\libc_nano.a(lib_a-findfp.o)
 .debug_frame   0x0000000000002914       0x88 e:/program files (x86)/normal-riscv-none-gcc-8.2.0-2.2-20190521-0004-win64/bin/../lib/gcc/riscv-none-embed/8.2.0/../../../../riscv-none-embed/lib/rv32imac/ilp32\libc_nano.a(lib_a-fwalk.o)
 .debug_frame   0x000000000000299c       0x40 e:/program files (x86)/normal-riscv-none-gcc-8.2.0-2.2-20190521-0004-win64/bin/../lib/gcc/riscv-none-embed/8.2.0/../../../../riscv-none-embed/lib/rv32imac/ilp32\libc_nano.a(lib_a-localeconv.o)
 .debug_frame   0x00000000000029dc       0x30 e:/program files (x86)/normal-riscv-none-gcc-8.2.0-2.2-20190521-0004-win64/bin/../lib/gcc/riscv-none-embed/8.2.0/../../../../riscv-none-embed/lib/rv32imac/ilp32\libc_nano.a(lib_a-malloc.o)
 .debug_frame   0x0000000000002a0c       0x20 e:/program files (x86)/normal-riscv-none-gcc-8.2.0-2.2-20190521-0004-win64/bin/../lib/gcc/riscv-none-embed/8.2.0/../../../../riscv-none-embed/lib/rv32imac/ilp32\libc_nano.a(lib_a-memchr.o)
 .debug_frame   0x0000000000002a2c       0x20 e:/program files (x86)/normal-riscv-none-gcc-8.2.0-2.2-20190521-0004-win64/bin/../lib/gcc/riscv-none-embed/8.2.0/../../../../riscv-none-embed/lib/rv32imac/ilp32\libc_nano.a(lib_a-memcpy.o)